Component: ARM Compiler 5.06 update 5 (build 528) Tool: armlink [4d35e2]

==============================================================================

Section Cross References

    main.o(.text) refers to stm32f10x_rcc.o(.text) for RCC_APB1PeriphClockCmd
    main.o(.text) refers to stm32f10x_gpio.o(.text) for GPIO_Init
    main.o(.text) refers to stm32f10x_tim.o(.text) for TIM_TimeBaseInit
    main.o(.text) refers to misc.o(.text) for NVIC_PriorityGroupConfig
    main.o(.text) refers to delay.o(.text) for delay_us
    main.o(.text) refers to dflt_clz.o(x$fpl$dfltu) for __aeabi_ui2d
    main.o(.text) refers to ddiv.o(x$fpl$ddiv) for __aeabi_ddiv
    main.o(.text) refers to dfixu.o(x$fpl$dfixu) for __aeabi_d2uiz
    main.o(.text) refers to sys.o(.text) for NVIC_Config
    main.o(.text) refers to usart.o(.text) for uart1_init
    main.o(.text) refers to usart3.o(.text) for uart3_init
    main.o(.text) refers to oled.o(.text) for OLED_Init
    main.o(.text) refers to mpu6050.o(.text) for MPU_Init
    main.o(.text) refers to inv_mpu.o(.text) for mpu_dmp_init
    main.o(.text) refers to exti.o(.text) for MPU6050_EXTI_Init
    main.o(.text) refers to encoder.o(.text) for Encoder_TIM2_Init
    main.o(.text) refers to motor.o(.text) for Motor_Init
    main.o(.text) refers to pwm.o(.text) for PWM_Init_TIM1
    main.o(.text) refers to f2d.o(x$fpl$f2d) for __aeabi_f2d
    main.o(.text) refers to dflt_clz.o(x$fpl$dflt) for __aeabi_i2d
    main.o(.text) refers to dmul.o(x$fpl$dmul) for __aeabi_dmul
    main.o(.text) refers to dfix.o(x$fpl$dfix) for __aeabi_d2iz
    main.o(.text) refers to main.o(.data) for overcount
    system_stm32f10x.o(.text) refers to system_stm32f10x.o(.data) for SystemCoreClock
    delay.o(.text) refers to misc.o(.text) for SysTick_CLKSourceConfig
    delay.o(.text) refers to system_stm32f10x.o(.data) for SystemCoreClock
    delay.o(.text) refers to delay.o(.data) for fac_us
    sys.o(.text) refers to misc.o(.text) for NVIC_PriorityGroupConfig
    usart.o(.rev16_text) refers (Special) to use_no_semi_2.o(.text) for __use_no_semihosting
    usart.o(.revsh_text) refers (Special) to use_no_semi_2.o(.text) for __use_no_semihosting
    usart.o(.rrx_text) refers (Special) to use_no_semi_2.o(.text) for __use_no_semihosting
    usart.o(.text) refers (Special) to use_no_semi_2.o(.text) for __use_no_semihosting
    usart.o(.text) refers to stm32f10x_rcc.o(.text) for RCC_APB2PeriphClockCmd
    usart.o(.text) refers to stm32f10x_gpio.o(.text) for GPIO_Init
    usart.o(.text) refers to stm32f10x_usart.o(.text) for USART_Init
    usart.o(.text) refers to usart.o(.data) for USART_RX_STA
    usart.o(.text) refers to usart.o(.bss) for USART_RX_BUF
    usart.o(.bss) refers (Special) to use_no_semi_2.o(.text) for __use_no_semihosting
    usart.o(.data) refers (Special) to use_no_semi_2.o(.text) for __use_no_semihosting
    mpuiic.o(.text) refers to delay.o(.text) for delay_us
    mpuiic.o(.text) refers to stm32f10x_rcc.o(.text) for RCC_APB2PeriphClockCmd
    mpuiic.o(.text) refers to stm32f10x_gpio.o(.text) for GPIO_Init
    mpu6050.o(.text) refers to mpuiic.o(.text) for MPU_IIC_Start
    mpu6050.o(.text) refers to delay.o(.text) for delay_ms
    mpu6050.o(.text) refers to dflt_clz.o(x$fpl$dflt) for __aeabi_i2d
    mpu6050.o(.text) refers to ddiv.o(x$fpl$ddiv) for __aeabi_ddiv
    mpu6050.o(.text) refers to daddsub_clz.o(x$fpl$dadd) for __aeabi_dadd
    mpu6050.o(.text) refers to d2f.o(x$fpl$d2f) for __aeabi_d2f
    mpu6050.o(.text) refers to fmul.o(x$fpl$fmul) for __aeabi_fmul
    mpu6050.o(.text) refers to ffix.o(x$fpl$ffix) for __aeabi_f2iz
    inv_mpu.o(.text) refers to _printf_pad.o(.text) for _printf_pre_padding
    inv_mpu.o(.text) refers to _printf_percent.o(.ARM.Collect$$_printf_percent$$00000000) for _printf_percent
    inv_mpu.o(.text) refers to _printf_x.o(.ARM.Collect$$_printf_percent$$0000000C) for _printf_x
    inv_mpu.o(.text) refers to _printf_hex_int.o(.text) for _printf_longlong_hex
    inv_mpu.o(.text) refers to _printf_d.o(.ARM.Collect$$_printf_percent$$00000009) for _printf_d
    inv_mpu.o(.text) refers to _printf_dec.o(.text) for _printf_int_dec
    inv_mpu.o(.text) refers to mpu6050.o(.text) for MPU_Write_Len
    inv_mpu.o(.text) refers to noretval__2printf.o(.text) for __2printf
    inv_mpu.o(.text) refers to delay.o(.text) for delay_ms
    inv_mpu.o(.text) refers to inv_mpu.o(.data) for st
    inv_mpu.o(.text) refers to fflt_clz.o(x$fpl$ffltu) for __aeabi_ui2f
    inv_mpu.o(.text) refers to fflt_clz.o(x$fpl$fflt) for __aeabi_i2f
    inv_mpu.o(.text) refers to faddsub_clz.o(x$fpl$fsub) for __aeabi_fsub
    inv_mpu.o(.text) refers to fdiv.o(x$fpl$fdiv) for __aeabi_fdiv
    inv_mpu.o(.text) refers to faddsub_clz.o(x$fpl$fadd) for __aeabi_fadd
    inv_mpu.o(.text) refers to fmul.o(x$fpl$fmul) for __aeabi_fmul
    inv_mpu.o(.text) refers to ffix.o(x$fpl$ffix) for __aeabi_f2iz
    inv_mpu.o(.text) refers to inv_mpu.o(.conststring) for .conststring
[...]

    Global Symbols

    Symbol Name                              Value     Ov Type        Size  Object(Section)

    BuildAttributes$$THM_ISAv4$P$D$K$B$S$PE$A:L22UL41UL21$X:L11$S22US41US21$IEEE1$IW$USESV6$~STKCKD$USESV7$~SHL$OTIME$ROPI$IEEEX$EBA8$UX$STANDARDLIB$REQ8$PRES8$EABIv2 0x00000000   Number         0  anon$$obj.o ABSOLUTE
    __ARM_use_no_argv                        0x00000000   Number         0  main.o ABSOLUTE
    _printf_flags                            0x00000000   Number         0  printf_stubs.o ABSOLUTE
    _printf_return_value                     0x00000000   Number         0  printf_stubs.o ABSOLUTE
    _printf_sizespec                         0x00000000   Number         0  printf_stubs.o ABSOLUTE
    _printf_widthprec                        0x00000000   Number         0  printf_stubs.o ABSOLUTE
    __ARM_exceptions_init                     - Undefined Weak Reference
    __alloca_initialize                       - Undefined Weak Reference
    __arm_preinit_                            - Undefined Weak Reference
    __cpp_initialize__aeabi_                  - Undefined Weak Reference
    __cxa_finalize                            - Undefined Weak Reference
    __rt_locale                               - Undefined Weak Reference
    __sigvec_lookup                           - Undefined Weak Reference
    _atexit_init                              - Undefined Weak Reference
    _call_atexit_fns                          - Undefined Weak Reference
    _clock_init                               - Undefined Weak Reference
    _fp_trap_init                             - Undefined Weak Reference
    _fp_trap_shutdown                         - Undefined Weak Reference
    _get_lc_collate                           - Undefined Weak Reference
    _get_lc_ctype                             - Undefined Weak Reference
    _get_lc_monetary                          - Undefined Weak Reference
    _get_lc_numeric                           - Undefined Weak Reference
    _get_lc_time                              - Undefined Weak Reference
    _getenv_init                              - Undefined Weak Reference
    _handle_redirection                       - Undefined Weak Reference
    _init_alloc                               - Undefined Weak Reference
    _init_user_alloc                          - Undefined Weak Reference
    _initio                                   - Undefined Weak Reference
    _mutex_acquire                            - Undefined Weak Reference
    _mutex_release                            - Undefined Weak Reference
    _printf_truncate_signed                   - Undefined Weak Reference
    _printf_truncate_unsigned                 - Undefined Weak Reference
    _rand_init                                - Undefined Weak Reference
    _signal_finish                            - Undefined Weak Reference
    _signal_init                              - Undefined Weak Reference
    _terminate_alloc                          - Undefined Weak Reference
    _terminate_user_alloc                     - Undefined Weak Reference
    _terminateio                              - Undefined Weak Reference
    __Vectors_Size                           0x000000ec   Number         0  startup_stm32f10x_md.o ABSOLUTE
    __Vectors                                0x08000000   Data           4  startup_stm32f10x_md.o(RESET)
    __Vectors_End                            0x080000ec   Data           0  startup_stm32f10x_md.o(RESET)
    __main                                   0x080000ed   Thumb Code     8  __main.o(!!!main)
    __scatterload                            0x080000f5   Thumb Code     0  __scatter.o(!!!scatter)
    __scatterload_rt2                        0x080000f5   Thumb Code    44  __scatter.o(!!!scatter)
    __scatterload_rt2_thumb_only             0x080000f5   Thumb Code     0  __scatter.o(!!!scatter)
    __scatterload_null                       0x08000103   Thumb Code     0  __scatter.o(!!!scatter)
    __decompress                             0x08000129   Thumb Code    90  __dczerorl2.o(!!dczerorl2)
    __decompress1                            0x08000129   Thumb Code     0  __dczerorl2.o(!!dczerorl2)
    __scatterload_zeroinit                   0x08000185   Thumb Code    28  __scatter_zi.o(!!handler_zi)
    _printf_d                                0x080001a1   Thumb Code     0  _printf_d.o(.ARM.Collect$$_printf_percent$$00000009)
    _printf_percent                          0x080001a1   Thumb Code     0  _printf_percent.o(.ARM.Collect$$_printf_percent$$00000000)
    _printf_x                                0x080001a7   Thumb Code     0  _printf_x.o(.ARM.Collect$$_printf_percent$$0000000C)
    _printf_percent_end                      0x080001ad   Thumb Code     0  _printf_percent_end.o(.ARM.Collect$$_printf_percent$$00000017)
    __rt_lib_init                            0x080001b1   Thumb Code     0  libinit.o(.ARM.Collect$$libinit$$00000000)
    __rt_lib_init_alloca_1                   0x080001b3   Thumb Code     0  libinit2.o(.ARM.Collect$$libinit$$0000002E)
    __rt_lib_init_argv_1                     0x080001b3   Thumb Code     0  libinit2.o(.ARM.Collect$$libinit$$0000002C)
    __rt_lib_init_atexit_1                   0x080001b3   Thumb Code     0  libinit2.o(.ARM.Collect$$libinit$$0000001B)
    __rt_lib_init_clock_1                    0x080001b3   Thumb Code     0  libinit2.o(.ARM.Collect$$libinit$$00000021)
    __rt_lib_init_cpp_1                      0x080001b3   Thumb Code     0  libinit2.o(.ARM.Collect$$libinit$$00000032)
    __rt_lib_init_exceptions_1               0x080001b3   Thumb Code     0  libinit2.o(.ARM.Collect$$libinit$$00000030)
    __rt_lib_init_fp_1                       0x080001b3   Thumb Code     0  libinit2.o(.ARM.Collect$$libinit$$00000002)
    __rt_lib_init_fp_trap_1                  0x080001b3   Thumb Code     0  libinit2.o(.ARM.Collect$$libinit$$0000001F)
    __rt_lib_init_getenv_1                   0x080001b3   Thumb Code     0  libinit2.o(.ARM.Collect$$libinit$$00000023)
    __rt_lib_init_heap_1                     0x080001b3   Thumb Code     0  libinit2.o(.ARM.Collect$$libinit$$0000000A)
    __rt_lib_init_lc_collate_1               0x080001b3   Thumb Code     0  libinit2.o(.ARM.Collect$$libinit$$00000011)
    __rt_lib_init_lc_ctype_1                 0x080001b3   Thumb Code     0  libinit2.o(.ARM.Collect$$libinit$$00000013)
    __rt_lib_init_lc_monetary_1              0x080001b3   Thumb Code     0  libinit2.o(.ARM.Collect$$libinit$$00000015)
    __rt_lib_init_lc_numeric_1               0x080001b3   Thumb Code     0  libinit2.o(.ARM.Collect$$libinit$$00000017)
    __rt_lib_init_lc_time_1                  0x080001b3   Thumb Code     0  libinit2.o(.ARM.Collect$$libinit$$00000019)
    __rt_lib_init_preinit_1                  0x080001b3   Thumb Code     0  libinit2.o(.ARM.Collect$$libinit$$00000004)
    __rt_lib_init_rand_1                     0x080001b3   Thumb Code     0  libinit2.o(.ARM.Collect$$libinit$$0000000E)
    __rt_lib_init_return                     0x080001b3   Thumb Code     0  libinit2.o(.ARM.Collect$$libinit$$00000033)
    __rt_lib_init_signal_1                   0x080001b3   Thumb Code     0  libinit2.o(.ARM.Collect$$libinit$$0000001D)
    __rt_lib_init_stdio_1                    0x080001b3   Thumb Code     0  libinit2.o(.ARM.Collect$$libinit$$00000025)
    __rt_lib_init_user_alloc_1               0x080001b3   Thumb Code     0  libinit2.o(.ARM.Collect$$libinit$$0000000C)
    __rt_lib_shutdown                        0x080001b5   Thumb Code     0  libshutdown.o(.ARM.Collect$$libshutdown$$00000000)
    __rt_lib_shutdown_cpp_1                  0x080001b7   Thumb Code     0  libshutdown2.o(.ARM.Collect$$libshutdown$$00000002)
    __rt_lib_shutdown_fp_trap_1              0x080001b7   Thumb Code     0  libshutdown2.o(.ARM.Collect$$libshutdown$$00000007)
    __rt_lib_shutdown_heap_1                 0x080001b7   Thumb Code     0  libshutdown2.o(.ARM.Collect$$libshutdown$$0000000F)
    __rt_lib_shutdown_return                 0x080001b7   Thumb Code     0  libshutdown2.o(.ARM.Collect$$libshutdown$$00000010)
    __rt_lib_shutdown_signal_1               0x080001b7   Thumb Code     0  libshutdown2.o(.ARM.Collect$$libshutdown$$0000000A)
    __rt_lib_shutdown_stdio_1                0x080001b7   Thumb Code     0  libshutdown2.o(.ARM.Collect$$libshutdown$$00000004)
    __rt_lib_shutdown_user_alloc_1           0x080001b7   Thumb Code     0  libshutdown2.o(.ARM.Collect$$libshutdown$$0000000C)
    __rt_entry                               0x080001b9   Thumb Code     0  __rtentry.o(.ARM.Collect$$rtentry$$00000000)
    __rt_entry_presh_1                       0x080001b9   Thumb Code     0  __rtentry2.o(.ARM.Collect$$rtentry$$00000002)
    __rt_entry_sh                            0x080001b9   Thumb Code     0  __rtentry4.o(.ARM.Collect$$rtentry$$00000004)
    __rt_entry_li                            0x080001bf   Thumb Code     0  __rtentry2.o(.ARM.Collect$$rtentry$$0000000A)
    __rt_entry_postsh_1                      0x080001bf   Thumb Code     0  __rtentry2.o(.ARM.Collect$$rtentry$$00000009)
    __rt_entry_main                          0x080001c3   Thumb Code     0  __rtentry2.o(.ARM.Collect$$rtentry$$0000000D)
    __rt_entry_postli_1                      0x080001c3   Thumb Code     0  __rtentry2.o(.ARM.Collect$$rtentry$$0000000C)
    __rt_exit                                0x080001cb   Thumb Code     0  rtexit.o(.ARM.Collect$$rtexit$$00000000)
    __rt_exit_ls                             0x080001cd   Thumb Code     0  rtexit2.o(.ARM.Collect$$rtexit$$00000003)
    __rt_exit_prels_1                        0x080001cd   Thumb Code     0  rtexit2.o(.ARM.Collect$$rtexit$$00000002)
    __rt_exit_exit                           0x080001d1   Thumb Code     0  rtexit2.o(.ARM.Collect$$rtexit$$00000004)
    TIM3_Int_Init                            0x080001d9   Thumb Code   158  main.o(.text)
    Senor_Using                              0x08000277   Thumb Code   206  main.o(.text)
    main                                     0x08000345   Thumb Code   214  main.o(.text)
    TIM3_IRQHandler                          0x0800041b   Thumb Code    32  main.o(.text)
    NMI_Handler                              0x08000485   Thumb Code     2  stm32f10x_it.o(.text)
    HardFault_Handler                        0x08000487   Thumb Code     4  stm32f10x_it.o(.text)
    MemManage_Handler                        0x0800048b   Thumb Code     4  stm32f10x_it.o(.text)
    BusFault_Handler                         0x0800048f   Thumb Code     4  stm32f10x_it.o(.text)
    UsageFault_Handler                       0x08000493   Thumb Code     4  stm32f10x_it.o(.text)
    SVC_Handler                              0x08000497   Thumb Code     2  stm32f10x_it.o(.text)
    DebugMon_Handler                         0x08000499   Thumb Code     2  stm32f10x_it.o(.text)
    PendSV_Handler                           0x0800049b   Thumb Code     2  stm32f10x_it.o(.text)
    SysTick_Handler                          0x0800049d   Thumb Code     2  stm32f10x_it.o(.text)
    SystemInit                               0x0800057f   Thumb Code    78  system_stm32f10x.o(.text)
    SystemCoreClockUpdate                    0x080005cd   Thumb Code   142  system_stm32f10x.o(.text)
    delay_init                               0x08000681   Thumb Code    50  delay.o(.text)
    delay_us                                 0x080006b3   Thumb Code    72  delay.o(.text)
    delay_ms                                 0x080006fb   Thumb Code    72  delay.o(.text)
    NVIC_Config                              0x08000755   Thumb Code    96  sys.o(.text)
    _sys_exit                                0x080007b5   Thumb Code     6  usart.o(.text)
    fputc                                    0x080007bb   Thumb Code    24  usart.o(.text)
    uart1_init                               0x080007d3   Thumb Code   124  usart.o(.text)
    USART1_IRQHandler                        0x0800084f   Thumb Code   122  usart.o(.text)
    MPU_IIC_Delay                            0x080008d9   Thumb Code    10  mpuiic.o(.text)
    MPU_IIC_Init                             0x080008e3   Thumb Code    38  mpuiic.o(.text)
    MPU_IIC_Start                            0x08000909   Thumb Code    60  mpuiic.o(.text)
    MPU_IIC_Stop                             0x08000945   Thumb Code    62  mpuiic.o(.text)
    MPU_IIC_Wait_Ack                         0x08000983   Thumb Code    86  mpuiic.o(.text)
    MPU_IIC_Ack                              0x080009d9   Thumb Code    66  mpuiic.o(.text)
    MPU_IIC_NAck                             0x08000a1b   Thumb Code    66  mpuiic.o(.text)
    MPU_IIC_Send_Byte                        0x08000a5d   Thumb Code    82  mpuiic.o(.text)
    MPU_IIC_Read_Byte                        0x08000aaf   Thumb Code    96  mpuiic.o(.text)
    MPU_Write_Byte                           0x08000b1d   Thumb Code    68  mpu6050.o(.text)
    MPU_Set_LPF                              0x08000b61   Thumb Code    58  mpu6050.o(.text)
    MPU_Set_Rate                             0x08000b9b   Thumb Code    58  mpu6050.o(.text)
    MPU_Read_Byte                            0x08000bd5   Thumb Code    58  mpu6050.o(.text)
    MPU_Set_Accel_Fsr                        0x08000c0f   Thumb Code    16  mpu6050.o(.text)
    MPU_Set_Gyro_Fsr                         0x08000c1f   Thumb Code    16  mpu6050.o(.text)
    MPU_Init                                 0x08000c2f   Thumb Code   122  mpu6050.o(.text)
    MPU_Read_Len                             0x08000ca9   Thumb Code   116  mpu6050.o(.text)
    MPU_Get_Temperature                      0x08000d1d   Thumb Code    86  mpu6050.o(.text)
    MPU_Get_Gyroscope                        0x08000d73   Thumb Code    80  mpu6050.o(.text)
    MPU_Get_Accelerometer                    0x08000dc3   Thumb Code    80  mpu6050.o(.text)
    MPU_Write_Len                            0x08000e13   Thumb Code    96  mpu6050.o(.text)
    mpu_reg_dump                             0x08000f0f   Thumb Code    84  inv_mpu.o(.text)
    mpu_read_reg                             0x08000f63   Thumb Code    66  inv_mpu.o(.text)
    mpu_set_int_latched                      0x08000fa5   Thumb Code   102  inv_mpu.o(.text)
    mpu_set_sensors                          0x0800100b   Thumb Code   202  inv_mpu.o(.text)
    mpu_set_bypass                           0x080010d5   Thumb Code   328  inv_mpu.o(.text)
    mpu_reset_fifo                           0x0800121d   Thumb Code   472  inv_mpu.o(.text)
    mpu_configure_fifo                       0x080013f5   Thumb Code   106  inv_mpu.o(.text)
    mpu_set_lpf                              0x0800145f   Thumb Code   126  inv_mpu.o(.text)
    mpu_lp_accel_mode                        0x080014dd   Thumb Code   218  inv_mpu.o(.text)
    mpu_set_sample_rate                      0x080015b7   Thumb Code   152  inv_mpu.o(.text)
    mpu_set_accel_fsr                        0x0800164f   Thumb Code   132  inv_mpu.o(.text)
    mpu_set_gyro_fsr                         0x080016d3   Thumb Code   132  inv_mpu.o(.text)
    mpu_init                                 0x08001757   Thumb Code   416  inv_mpu.o(.text)
    mget_ms                                  0x080018f7   Thumb Code     2  inv_mpu.o(.text)
    mpu_get_gyro_reg                         0x080018f9   Thumb Code   110  inv_mpu.o(.text)
    mpu_get_accel_reg                        0x08001967   Thumb Code   110  inv_mpu.o(.text)
    mpu_get_temperature                      0x080019d5   Thumb Code   150  inv_mpu.o(.text)
    mpu_set_accel_bias                       0x08001a6b   Thumb Code   468  inv_mpu.o(.text)
    mpu_get_gyro_fsr                         0x08001c3f   Thumb Code    64  inv_mpu.o(.text)
    mpu_get_accel_fsr                        0x08001c7f   Thumb Code    72  inv_mpu.o(.text)
    mpu_get_lpf                              0x08001cc7   Thumb Code    74  inv_mpu.o(.text)
    mpu_get_sample_rate                      0x08001d11   Thumb Code    26  inv_mpu.o(.text)
    mpu_get_compass_sample_rate              0x08001d2b   Thumb Code    10  inv_mpu.o(.text)
    mpu_set_compass_sample_rate              0x08001d35   Thumb Code     8  inv_mpu.o(.text)
    mpu_get_gyro_sens                        0x08001d3d   Thumb Code    58  inv_mpu.o(.text)
    mpu_get_accel_sens                       0x08001d77   Thumb Code    78  inv_mpu.o(.text)
    mpu_get_fifo_config                      0x08001dc5   Thumb Code    12  inv_mpu.o(.text)
    mpu_get_power_state                      0x08001dd1   Thumb Code    22  inv_mpu.o(.text)
    mpu_get_int_status                       0x08001de7   Thumb Code    64  inv_mpu.o(.text)
    mpu_read_fifo                            0x08001e27   Thumb Code   520  inv_mpu.o(.text)
    mpu_read_fifo_stream                     0x0800202f   Thumb Code   186  inv_mpu.o(.text)
    mpu_set_int_level                        0x080020e9   Thumb Code    12  inv_mpu.o(.text)
    mpu_set_dmp_state                        0x080027c9   Thumb Code   138  inv_mpu.o(.text)
    mpu_run_self_test                        0x08002853   Thumb Code   278  inv_mpu.o(.text)
    mpu_write_mem                            0x08002969   Thumb Code   122  inv_mpu.o(.text)
    mpu_read_mem                             0x080029e3   Thumb Code   122  inv_mpu.o(.text)
    mpu_load_firmware                        0x08002a5d   Thumb Code   190  inv_mpu.o(.text)
    mpu_get_dmp_state                        0x08002b1b   Thumb Code    14  inv_mpu.o(.text)
    setup_compass                            0x08002b29   Thumb Code     6  inv_mpu.o(.text)
    mpu_get_compass_reg                      0x08002b2f   Thumb Code     8  inv_mpu.o(.text)
    mpu_get_compass_fsr                      0x08002b37   Thumb Code     8  inv_mpu.o(.text)
    mpu_lp_motion_interrupt                  0x08002b3f   Thumb Code   512  inv_mpu.o(.text)
    run_self_test                            0x08002d3f   Thumb Code   148  inv_mpu.o(.text)
    inv_row_2_scale                          0x08002dd3   Thumb Code    78  inv_mpu.o(.text)
    inv_orientation_matrix_to_scalar         0x08002e21   Thumb Code    40  inv_mpu.o(.text)
    mpu_dmp_init                             0x08002e49   Thumb Code   148  inv_mpu.o(.text)
    mpu_dmp_get_data                         0x08002edd   Thumb Code   554  inv_mpu.o(.text)
    dmp_load_motion_driver_firmware          0x0800310d   Thumb Code    20  inv_mpu_dmp_motion_driver.o(.text)
    dmp_set_orientation                      0x08003121   Thumb Code   290  inv_mpu_dmp_motion_driver.o(.text)
    dmp_set_gyro_bias                        0x08003243   Thumb Code   294  inv_mpu_dmp_motion_driver.o(.text)
    dmp_set_accel_bias                       0x08003369   Thumb Code   300  inv_mpu_dmp_motion_driver.o(.text)
    dmp_set_fifo_rate                        0x08003495   Thumb Code   136  inv_mpu_dmp_motion_driver.o(.text)
    dmp_get_fifo_rate                        0x0800351d   Thumb Code    12  inv_mpu_dmp_motion_driver.o(.text)
    dmp_set_tap_thresh                       0x08003529   Thumb Code   396  inv_mpu_dmp_motion_driver.o(.text)
    dmp_set_tap_axes                         0x080036b5   Thumb Code    70  inv_mpu_dmp_motion_driver.o(.text)
    dmp_set_tap_count                        0x080036fb   Thumb Code    38  inv_mpu_dmp_motion_driver.o(.text)
    dmp_set_tap_time                         0x08003721   Thumb Code    38  inv_mpu_dmp_motion_driver.o(.text)
    dmp_set_tap_time_multi                   0x08003747   Thumb Code    38  inv_mpu_dmp_motion_driver.o(.text)
    dmp_set_shake_reject_thresh              0x0800376d   Thumb Code    56  inv_mpu_dmp_motion_driver.o(.text)
    dmp_set_shake_reject_time                0x080037a5   Thumb Code    38  inv_mpu_dmp_motion_driver.o(.text)
    dmp_set_shake_reject_timeout             0x080037cb   Thumb Code    38  inv_mpu_dmp_motion_driver.o(.text)
    dmp_get_pedometer_step_count             0x080037f1   Thumb Code    66  inv_mpu_dmp_motion_driver.o(.text)
    dmp_set_pedometer_step_count             0x08003833   Thumb Code    42  inv_mpu_dmp_motion_driver.o(.text)
    dmp_get_pedometer_walk_time              0x0800385d   Thumb Code    72  inv_mpu_dmp_motion_driver.o(.text)
    dmp_set_pedometer_walk_time              0x080038a5   Thumb Code    48  inv_mpu_dmp_motion_driver.o(.text)
    dmp_enable_6x_lp_quat                    0x080038d5   Thumb Code    84  inv_mpu_dmp_motion_driver.o(.text)
    dmp_enable_lp_quat                       0x08003929   Thumb Code    60  inv_mpu_dmp_motion_driver.o(.text)
    dmp_enable_gyro_cal                      0x08003965   Thumb Code    62  inv_mpu_dmp_motion_driver.o(.text)
    dmp_enable_feature                       0x080039a3   Thumb Code   530  inv_mpu_dmp_motion_driver.o(.text)
    dmp_get_enabled_features                 0x08003bb5   Thumb Code    12  inv_mpu_dmp_motion_driver.o(.text)
    dmp_set_interrupt_mode                   0x08003c1f   Thumb Code    66  inv_mpu_dmp_motion_driver.o(.text)
    dmp_read_fifo                            0x08003c61   Thumb Code   514  inv_mpu_dmp_motion_driver.o(.text)
    dmp_register_tap_cb                      0x08003e63   Thumb Code    10  inv_mpu_dmp_motion_driver.o(.text)
    dmp_register_android_orient_cb           0x08003e6d   Thumb Code    10  inv_mpu_dmp_motion_driver.o(.text)
    OLED_IIC_Start                           0x08003e7d   Thumb Code    44  oled.o(.text)
    OLED_IIC_Stop                            0x08003ea9   Thumb Code    34  oled.o(.text)
    OLED_IIC_Wait_Ack                        0x08003ecb   Thumb Code    24  oled.o(.text)
    OLED_Write_IIC_Byte                      0x08003ee3   Thumb Code    88  oled.o(.text)
    OLED_Write_IIC_Command                   0x08003f3b   Thumb Code    44  oled.o(.text)
    OLED_Write_IIC_Data                      0x08003f67   Thumb Code    44  oled.o(.text)
    OLED_WR_Byte                             0x08003f93   Thumb Code    24  oled.o(.text)
    fill_picture                             0x08003fab   Thumb Code    64  oled.o(.text)
    Delay_50ms                               0x08003feb   Thumb Code    22  oled.o(.text)
    Delay_1ms                                0x08004001   Thumb Code    26  oled.o(.text)
    OLED_Set_Pos                             0x0800401b   Thumb Code    40  oled.o(.text)
    OLED_Display_On                          0x08004043   Thumb Code    28  oled.o(.text)
    OLED_Display_Off                         0x0800405f   Thumb Code    28  oled.o(.text)
    OLED_Clear                               0x0800407b   Thumb Code    62  oled.o(.text)
    OLED_On                                  0x080040b9   Thumb Code    62  oled.o(.text)
    OLED_ShowChar                            0x080040f7   Thumb Code   154  oled.o(.text)
    oled_pow                                 0x08004191   Thumb Code    22  oled.o(.text)
    OLED_ShowNumber                          0x080041a7   Thumb Code   136  oled.o(.text)
    OLED_ShowString                          0x0800422f   Thumb Code    66  oled.o(.text)
    OLED_ShowCHinese                         0x08004271   Thumb Code    98  oled.o(.text)
    OLED_DrawBMP                             0x080042d3   Thumb Code   118  oled.o(.text)
    OLED_Float                               0x08004349   Thumb Code   442  oled.o(.text)
    OLED_Float2                              0x08004503   Thumb Code   366  oled.o(.text)
    OLED_Num_write                           0x08004671   Thumb Code    62  oled.o(.text)
    OLED_fuhao_write                         0x080046af   Thumb Code    58  oled.o(.text)
    OLED_Num2                                0x080046e9   Thumb Code   156  oled.o(.text)
    OLED_Num3                                0x08004785   Thumb Code   200  oled.o(.text)
    OLED_Num4                                0x0800484d   Thumb Code   134  oled.o(.text)
    OLED_Num5                                0x080048d3   Thumb Code   152  oled.o(.text)
    OLED_Init                                0x0800496b   Thumb Code   294  oled.o(.text)
    Turn                                     0x08004a91   Thumb Code    68  control.o(.text)
    Vertical                                 0x08004ad5   Thumb Code    74  control.o(.text)
    Velocity                                 0x08004b1f   Thumb Code   228  control.o(.text)
    EXTI9_5_IRQHandler                       0x08004c03   Thumb Code   518  control.o(.text)
    Encoder_TIM2_Init                        0x08004ebd   Thumb Code   146  encoder.o(.text)
    Encoder_TIM4_Init                        0x08004f4f   Thumb Code   148  encoder.o(.text)
    Read_Speed                               0x08004fe3   Thumb Code    64  encoder.o(.text)
    TIM2_IRQHandler                          0x08005023   Thumb Code    22  encoder.o(.text)
    TIM4_IRQHandler                          0x08005039   Thumb Code    22  encoder.o(.text)
    MPU6050_EXTI_Init                        0x0800505d   Thumb Code    74  exti.o(.text)
    Motor_Init                               0x080050ad   Thumb Code    40  motor.o(.text)
    Limit                                    0x080050d5   Thumb Code    66  motor.o(.text)
    GFP_abs                                  0x08005117   Thumb Code    16  motor.o(.text)
    Load                                     0x08005127   Thumb Code   112  motor.o(.text)
    Stop                                     0x08005197   Thumb Code    52  motor.o(.text)
    PWM_Init_TIM1                            0x080051ed   Thumb Code   162  pwm.o(.text)
    uart3_init                               0x08005299   Thumb Code   130  usart3.o(.text)
    USART3_IRQHandler                        0x0800531b   Thumb Code   174  usart3.o(.text)
    USART3_Send_Data                         0x080053c9   Thumb Code    28  usart3.o(.text)
    USART3_Send_String                       0x080053e5   Thumb Code    34  usart3.o(.text)
    Reset_Handler                            0x08005421   Thumb Code     8  startup_stm32f10x_md.o(.text)
    ADC1_2_IRQHandler                        0x0800543b   Thumb Code     0  startup_stm32f10x_md.o(.text)
    CAN1_RX1_IRQHandler                      0x0800543b   Thumb Code     0  startup_stm32f10x_md.o(.text)
    CAN1_SCE_IRQHandler                      0x0800543b   Thumb Code     0  startup_stm32f10x_md.o(.text)
    DMA1_Channel1_IRQHandler                 0x0800543b   Thumb Code     0  startup_stm32f10x_md.o(.text)
    DMA1_Channel2_IRQHandler                 0x0800543b   Thumb Code     0  startup_stm32f10x_md.o(.text)
    DMA1_Channel3_IRQHandler                 0x0800543b   Thumb Code     0  startup_stm32f10x_md.o(.text)
    DMA1_Channel4_IRQHandler                 0x0800543b   Thumb Code     0  startup_stm32f10x_md.o(.text)
    DMA1_Channel5_IRQHandler                 0x0800543b   Thumb Code     0  startup_stm32f10x_md.o(.text)
    DMA1_Channel6_IRQHandler                 0x0800543b   Thumb Code     0  startup_stm32f10x_md.o(.text)
    DMA1_Channel7_IRQHandler                 0x0800543b   Thumb Code     0  startup_stm32f10x_md.o(.text)
    EXTI0_IRQHandler                         0x0800543b   Thumb Code     0  startup_stm32f10x_md.o(.text)
    EXTI15_10_IRQHandler                     0x0800543b   Thumb Code     0  startup_stm32f10x_md.o(.text)
    EXTI1_IRQHandler                         0x0800543b   Thumb Code     0  startup_stm32f10x_md.o(.text)
    EXTI2_IRQHandler                         0x0800543b   Thumb Code     0  startup_stm32f10x_md.o(.text)
    EXTI3_IRQHandler                         0x0800543b   Thumb Code     0  startup_stm32f10x_md.o(.text)
    EXTI4_IRQHandler                         0x0800543b   Thumb Code     0  startup_stm32f10x_md.o(.text)
    FLASH_IRQHandler                         0x0800543b   Thumb Code     0  startup_stm32f10x_md.o(.text)
    I2C1_ER_IRQHandler                       0x0800543b   Thumb Code     0  startup_stm32f10x_md.o(.text)
    I2C1_EV_IRQHandler                       0x0800543b   Thumb Code     0  startup_stm32f10x_md.o(.text)
    I2C2_ER_IRQHandler                       0x0800543b   Thumb Code     0  startup_stm32f10x_md.o(.text)
    I2C2_EV_IRQHandler                       0x0800543b   Thumb Code     0  startup_stm32f10x_md.o(.text)
    PVD_IRQHandler                           0x0800543b   Thumb Code     0  startup_stm32f10x_md.o(.text)
    RCC_IRQHandler                           0x0800543b   Thumb Code     0  startup_stm32f10x_md.o(.text)
    RTCAlarm_IRQHandler                      0x0800543b   Thumb Code     0  startup_stm32f10x_md.o(.text)
    RTC_IRQHandler                           0x0800543b   Thumb Code     0  startup_stm32f10x_md.o(.text)
    SPI1_IRQHandler                          0x0800543b   Thumb Code     0  startup_stm32f10x_md.o(.text)
    SPI2_IRQHandler                          0x0800543b   Thumb Code     0  startup_stm32f10x_md.o(.text)
    TAMPER_IRQHandler                        0x0800543b   Thumb Code     0  startup_stm32f10x_md.o(.text)
    TIM1_BRK_IRQHandler                      0x0800543b   Thumb Code     0  startup_stm32f10x_md.o(.text)
    TIM1_CC_IRQHandler                       0x0800543b   Thumb Code     0  startup_stm32f10x_md.o(.text)
    TIM1_TRG_COM_IRQHandler                  0x0800543b   Thumb Code     0  startup_stm32f10x_md.o(.text)
    TIM1_UP_IRQHandler                       0x0800543b   Thumb Code     0  startup_stm32f10x_md.o(.text)
    USART2_IRQHandler                        0x0800543b   Thumb Code     0  startup_stm32f10x_md.o(.text)
    USBWakeUp_IRQHandler                     0x0800543b   Thumb Code     0  startup_stm32f10x_md.o(.text)
    USB_HP_CAN1_TX_IRQHandler                0x0800543b   Thumb Code     0  startup_stm32f10x_md.o(.text)
    USB_LP_CAN1_RX0_IRQHandler               0x0800543b   Thumb Code     0  startup_stm32f10x_md.o(.text)
    WWDG_IRQHandler                          0x0800543b   Thumb Code     0  startup_stm32f10x_md.o(.text)
    __user_initial_stackheap                 0x0800543d   Thumb Code     0  startup_stm32f10x_md.o(.text)
    NVIC_PriorityGroupConfig                 0x08005461   Thumb Code    10  misc.o(.text)
    NVIC_Init                                0x0800546b   Thumb Code   100  misc.o(.text)
    NVIC_SetVectorTable                      0x080054cf   Thumb Code    14  misc.o(.text)
    NVIC_SystemLPConfig                      0x080054dd   Thumb Code    34  misc.o(.text)
    SysTick_CLKSourceConfig                  0x080054ff   Thumb Code    40  misc.o(.text)
    EXTI_DeInit                              0x0800553d   Thumb Code    28  stm32f10x_exti.o(.text)
    EXTI_Init                                0x08005559   Thumb Code   142  stm32f10x_exti.o(.text)
    EXTI_StructInit                          0x080055e7   Thumb Code    16  stm32f10x_exti.o(.text)
    EXTI_GenerateSWInterrupt                 0x080055f7   Thumb Code    16  stm32f10x_exti.o(.text)
    EXTI_GetFlagStatus                       0x08005607   Thumb Code    22  stm32f10x_exti.o(.text)
    EXTI_ClearFlag                           0x0800561d   Thumb Code     8  stm32f10x_exti.o(.text)
    EXTI_GetITStatus                         0x08005625   Thumb Code    34  stm32f10x_exti.o(.text)
    EXTI_ClearITPendingBit                   0x08005647   Thumb Code     8  stm32f10x_exti.o(.text)
    GPIO_DeInit                              0x08005659   Thumb Code   172  stm32f10x_gpio.o(.text)
    GPIO_AFIODeInit                          0x08005705   Thumb Code    20  stm32f10x_gpio.o(.text)
    GPIO_Init                                0x08005719   Thumb Code   278  stm32f10x_gpio.o(.text)
    GPIO_StructInit                          0x0800582f   Thumb Code    16  stm32f10x_gpio.o(.text)
    GPIO_ReadInputDataBit                    0x0800583f   Thumb Code    18  stm32f10x_gpio.o(.text)
    GPIO_ReadInputData                       0x08005851   Thumb Code     8  stm32f10x_gpio.o(.text)
    GPIO_ReadOutputDataBit                   0x08005859   Thumb Code    18  stm32f10x_gpio.o(.text)
    GPIO_ReadOutputData                      0x0800586b   Thumb Code     8  stm32f10x_gpio.o(.text)
    GPIO_SetBits                             0x08005873   Thumb Code     4  stm32f10x_gpio.o(.text)
    GPIO_ResetBits                           0x08005877   Thumb Code     4  stm32f10x_gpio.o(.text)
    GPIO_WriteBit                            0x0800587b   Thumb Code    10  stm32f10x_gpio.o(.text)
    GPIO_Write                               0x08005885   Thumb Code     4  stm32f10x_gpio.o(.text)
    GPIO_PinLockConfig                       0x08005889   Thumb Code    18  stm32f10x_gpio.o(.text)
    GPIO_EventOutputConfig                   0x0800589b   Thumb Code    26  stm32f10x_gpio.o(.text)
    GPIO_EventOutputCmd                      0x080058b5   Thumb Code     6  stm32f10x_gpio.o(.text)
    GPIO_PinRemapConfig                      0x080058bb   Thumb Code   138  stm32f10x_gpio.o(.text)
    GPIO_EXTILineConfig                      0x08005945   Thumb Code    66  stm32f10x_gpio.o(.text)
    GPIO_ETH_MediaInterfaceConfig            0x08005987   Thumb Code     8  stm32f10x_gpio.o(.text)
    RCC_DeInit                               0x080059b5   Thumb Code    64  stm32f10x_rcc.o(.text)
    RCC_HSEConfig                            0x080059f5   Thumb Code    70  stm32f10x_rcc.o(.text)
    RCC_GetFlagStatus                        0x08005a3b   Thumb Code    56  stm32f10x_rcc.o(.text)
    RCC_WaitForHSEStartUp                    0x08005a73   Thumb Code    56  stm32f10x_rcc.o(.text)
    RCC_AdjustHSICalibrationValue            0x08005aab   Thumb Code    20  stm32f10x_rcc.o(.text)
    RCC_HSICmd                               0x08005abf   Thumb Code     6  stm32f10x_rcc.o(.text)
    RCC_PLLConfig                            0x08005ac5   Thumb Code    24  stm32f10x_rcc.o(.text)
    RCC_PLLCmd                               0x08005add   Thumb Code     6  stm32f10x_rcc.o(.text)
    RCC_SYSCLKConfig                         0x08005ae3   Thumb Code    18  stm32f10x_rcc.o(.text)
    RCC_GetSYSCLKSource                      0x08005af5   Thumb Code    10  stm32f10x_rcc.o(.text)
    RCC_HCLKConfig                           0x08005aff   Thumb Code    18  stm32f10x_rcc.o(.text)
    RCC_PCLK1Config                          0x08005b11   Thumb Code    18  stm32f10x_rcc.o(.text)
    RCC_PCLK2Config                          0x08005b23   Thumb Code    20  stm32f10x_rcc.o(.text)
    RCC_ITConfig                             0x08005b37   Thumb Code    26  stm32f10x_rcc.o(.text)
    RCC_USBCLKConfig                         0x08005b51   Thumb Code     8  stm32f10x_rcc.o(.text)
    RCC_ADCCLKConfig                         0x08005b59   Thumb Code    18  stm32f10x_rcc.o(.text)
    RCC_LSEConfig                            0x08005b6b   Thumb Code    50  stm32f10x_rcc.o(.text)
    RCC_LSICmd                               0x08005b9d   Thumb Code     6  stm32f10x_rcc.o(.text)
    RCC_RTCCLKConfig                         0x08005ba3   Thumb Code    12  stm32f10x_rcc.o(.text)
    RCC_RTCCLKCmd                            0x08005baf   Thumb Code     8  stm32f10x_rcc.o(.text)
    RCC_GetClocksFreq                        0x08005bb7   Thumb Code   192  stm32f10x_rcc.o(.text)
    RCC_AHBPeriphClockCmd                    0x08005c77   Thumb Code    26  stm32f10x_rcc.o(.text)
    RCC_APB2PeriphClockCmd                   0x08005c91   Thumb Code    26  stm32f10x_rcc.o(.text)
    RCC_APB1PeriphClockCmd                   0x08005cab   Thumb Code    26  stm32f10x_rcc.o(.text)
    RCC_APB2PeriphResetCmd                   0x08005cc5   Thumb Code    26  stm32f10x_rcc.o(.text)
    RCC_APB1PeriphResetCmd                   0x08005cdf   Thumb Code    26  stm32f10x_rcc.o(.text)
    RCC_BackupResetCmd                       0x08005cf9   Thumb Code     8  stm32f10x_rcc.o(.text)
    RCC_ClockSecuritySystemCmd               0x08005d01   Thumb Code     6  stm32f10x_rcc.o(.text)
    RCC_MCOConfig                            0x08005d07   Thumb Code     6  stm32f10x_rcc.o(.text)
    RCC_ClearFlag                            0x08005d0d   Thumb Code    14  stm32f10x_rcc.o(.text)
    RCC_GetITStatus                          0x08005d1b   Thumb Code    20  stm32f10x_rcc.o(.text)
    RCC_ClearITPendingBit                    0x08005d2f   Thumb Code     6  stm32f10x_rcc.o(.text)
    TIM_DeInit                               0x08005d59   Thumb Code   424  stm32f10x_tim.o(.text)
    TIM_TimeBaseInit                         0x08005f01   Thumb Code   122  stm32f10x_tim.o(.text)
    TIM_OC1Init                              0x08005f7b   Thumb Code   132  stm32f10x_tim.o(.text)
    TIM_OC2Init                              0x08005fff   Thumb Code   154  stm32f10x_tim.o(.text)
    TIM_OC3Init                              0x08006099   Thumb Code   150  stm32f10x_tim.o(.text)
    TIM_OC4Init                              0x0800612f   Thumb Code   182  stm32f10x_tim.o(.text)
    TIM_SetIC4Prescaler                      0x080061e5   Thumb Code    26  stm32f10x_tim.o(.text)
    TIM_SetIC3Prescaler                      0x08006281   Thumb Code    18  stm32f10x_tim.o(.text)
    TIM_SetIC2Prescaler                      0x0800630d   Thumb Code    26  stm32f10x_tim.o(.text)
    TIM_SetIC1Prescaler                      0x080063a9   Thumb Code    18  stm32f10x_tim.o(.text)
    TIM_ICInit                               0x08006427   Thumb Code   150  stm32f10x_tim.o(.text)
    TIM_PWMIConfig                           0x080064bd   Thumb Code   124  stm32f10x_tim.o(.text)
    TIM_BDTRConfig                           0x08006539   Thumb Code    32  stm32f10x_tim.o(.text)
    TIM_TimeBaseStructInit                   0x08006559   Thumb Code    18  stm32f10x_tim.o(.text)
    TIM_OCStructInit                         0x0800656b   Thumb Code    20  stm32f10x_tim.o(.text)
    TIM_ICStructInit                         0x0800657f   Thumb Code    18  stm32f10x_tim.o(.text)
    TIM_BDTRStructInit                       0x08006591   Thumb Code    40  stm32f10x_tim.o(.text)
    TIM_Cmd                                  0x080065b9   Thumb Code    24  stm32f10x_tim.o(.text)
    TIM_CtrlPWMOutputs                       0x080065d1   Thumb Code    30  stm32f10x_tim.o(.text)
    TIM_ITConfig                             0x080065ef   Thumb Code    18  stm32f10x_tim.o(.text)
    TIM_GenerateEvent                        0x08006601   Thumb Code     4  stm32f10x_tim.o(.text)
    TIM_DMAConfig                            0x08006605   Thumb Code    10  stm32f10x_tim.o(.text)
    TIM_DMACmd                               0x0800660f   Thumb Code    18  stm32f10x_tim.o(.text)
    TIM_InternalClockConfig                  0x08006621   Thumb Code    12  stm32f10x_tim.o(.text)
    TIM_SelectInputTrigger                   0x0800662d   Thumb Code    18  stm32f10x_tim.o(.text)
    TIM_ITRxExternalClockConfig              0x0800663f   Thumb Code    24  stm32f10x_tim.o(.text)
    TIM_TIxExternalClockConfig               0x08006657   Thumb Code    62  stm32f10x_tim.o(.text)
    TIM_ETRConfig                            0x08006695   Thumb Code    28  stm32f10x_tim.o(.text)
    TIM_ETRClockMode1Config                  0x080066b1   Thumb Code    54  stm32f10x_tim.o(.text)
    TIM_ETRClockMode2Config                  0x080066e7   Thumb Code    32  stm32f10x_tim.o(.text)
    TIM_PrescalerConfig                      0x08006707   Thumb Code     6  stm32f10x_tim.o(.text)
    TIM_CounterModeConfig                    0x0800670d   Thumb Code    18  stm32f10x_tim.o(.text)
    TIM_EncoderInterfaceConfig               0x0800671f   Thumb Code    66  stm32f10x_tim.o(.text)
    TIM_ForcedOC1Config                      0x08006761   Thumb Code    18  stm32f10x_tim.o(.text)
    TIM_ForcedOC2Config                      0x08006773   Thumb Code    26  stm32f10x_tim.o(.text)
    TIM_ForcedOC3Config                      0x0800678d   Thumb Code    18  stm32f10x_tim.o(.text)
    TIM_ForcedOC4Config                      0x0800679f   Thumb Code    26  stm32f10x_tim.o(.text)
    TIM_ARRPreloadConfig                     0x080067b9   Thumb Code    24  stm32f10x_tim.o(.text)
    TIM_SelectCOM                            0x080067d1   Thumb Code    24  stm32f10x_tim.o(.text)
    TIM_SelectCCDMA                          0x080067e9   Thumb Code    24  stm32f10x_tim.o(.text)
    TIM_CCPreloadControl                     0x08006801   Thumb Code    24  stm32f10x_tim.o(.text)
    TIM_OC1PreloadConfig                     0x08006819   Thumb Code    18  stm32f10x_tim.o(.text)
    TIM_OC2PreloadConfig                     0x0800682b   Thumb Code    26  stm32f10x_tim.o(.text)
    TIM_OC3PreloadConfig                     0x08006845   Thumb Code    18  stm32f10x_tim.o(.text)
    TIM_OC4PreloadConfig                     0x08006857   Thumb Code    26  stm32f10x_tim.o(.text)
    TIM_OC1FastConfig                        0x08006871   Thumb Code    18  stm32f10x_tim.o(.text)
    TIM_OC2FastConfig                        0x08006883   Thumb Code    26  stm32f10x_tim.o(.text)
    TIM_OC3FastConfig                        0x0800689d   Thumb Code    18  stm32f10x_tim.o(.text)
    TIM_OC4FastConfig                        0x080068af   Thumb Code    26  stm32f10x_tim.o(.text)
    TIM_ClearOC1Ref                          0x080068c9   Thumb Code    18  stm32f10x_tim.o(.text)
    TIM_ClearOC2Ref                          0x080068db   Thumb Code    24  stm32f10x_tim.o(.text)
    TIM_ClearOC3Ref                          0x080068f3   Thumb Code    18  stm32f10x_tim.o(.text)
    TIM_ClearOC4Ref                          0x08006905   Thumb Code    24  stm32f10x_tim.o(.text)
    TIM_OC1PolarityConfig                    0x0800691d   Thumb Code    18  stm32f10x_tim.o(.text)
    TIM_OC1NPolarityConfig                   0x0800692f   Thumb Code    18  stm32f10x_tim.o(.text)
    TIM_OC2PolarityConfig                    0x08006941   Thumb Code    26  stm32f10x_tim.o(.text)
    TIM_OC2NPolarityConfig                   0x0800695b   Thumb Code    26  stm32f10x_tim.o(.text)
    TIM_OC3PolarityConfig                    0x08006975   Thumb Code    26  stm32f10x_tim.o(.text)
    TIM_OC3NPolarityConfig                   0x0800698f   Thumb Code    26  stm32f10x_tim.o(.text)
    TIM_OC4PolarityConfig                    0x080069a9   Thumb Code    26  stm32f10x_tim.o(.text)
    TIM_CCxCmd                               0x080069c3   Thumb Code    30  stm32f10x_tim.o(.text)
    TIM_CCxNCmd                              0x080069e1   Thumb Code    30  stm32f10x_tim.o(.text)
    TIM_SelectOCxM                           0x080069ff   Thumb Code    82  stm32f10x_tim.o(.text)
    TIM_UpdateDisableConfig                  0x08006a51   Thumb Code    24  stm32f10x_tim.o(.text)
    TIM_UpdateRequestConfig                  0x08006a69   Thumb Code    24  stm32f10x_tim.o(.text)
    TIM_SelectHallSensor                     0x08006a81   Thumb Code    24  stm32f10x_tim.o(.text)
    TIM_SelectOnePulseMode                   0x08006a99   Thumb Code    18  stm32f10x_tim.o(.text)
    TIM_SelectOutputTrigger                  0x08006aab   Thumb Code    18  stm32f10x_tim.o(.text)
    TIM_SelectSlaveMode                      0x08006abd   Thumb Code    18  stm32f10x_tim.o(.text)
    TIM_SelectMasterSlaveMode                0x08006acf   Thumb Code    18  stm32f10x_tim.o(.text)
    TIM_SetCounter                           0x08006ae1   Thumb Code     4  stm32f10x_tim.o(.text)
    TIM_SetAutoreload                        0x08006ae5   Thumb Code     4  stm32f10x_tim.o(.text)
    TIM_SetCompare1                          0x08006ae9   Thumb Code     4  stm32f10x_tim.o(.text)
    TIM_SetCompare2                          0x08006aed   Thumb Code     4  stm32f10x_tim.o(.text)
    TIM_SetCompare3                          0x08006af1   Thumb Code     4  stm32f10x_tim.o(.text)
    TIM_SetCompare4                          0x08006af5   Thumb Code     6  stm32f10x_tim.o(.text)
    TIM_SetClockDivision                     0x08006afb   Thumb Code    18  stm32f10x_tim.o(.text)
    TIM_GetCapture1                          0x08006b0d   Thumb Code     6  stm32f10x_tim.o(.text)
    TIM_GetCapture2                          0x08006b13   Thumb Code     6  stm32f10x_tim.o(.text)
    TIM_GetCapture3                          0x08006b19   Thumb Code     6  stm32f10x_tim.o(.text)
    TIM_GetCapture4                          0x08006b1f   Thumb Code     8  stm32f10x_tim.o(.text)
    TIM_GetCounter                           0x08006b27   Thumb Code     6  stm32f10x_tim.o(.text)
    TIM_GetPrescaler                         0x08006b2d   Thumb Code     6  stm32f10x_tim.o(.text)
    TIM_GetFlagStatus                        0x08006b33   Thumb Code    18  stm32f10x_tim.o(.text)
    TIM_ClearFlag                            0x08006b45   Thumb Code     6  stm32f10x_tim.o(.text)
    TIM_GetITStatus                          0x08006b4b   Thumb Code    34  stm32f10x_tim.o(.text)
    TIM_ClearITPendingBit                    0x08006b6d   Thumb Code     6  stm32f10x_tim.o(.text)
    USART_DeInit                             0x08006b75   Thumb Code   134  stm32f10x_usart.o(.text)
    USART_Init                               0x08006bfb   Thumb Code   210  stm32f10x_usart.o(.text)
    USART_StructInit                         0x08006ccd   Thumb Code    24  stm32f10x_usart.o(.text)
    USART_ClockInit                          0x08006ce5   Thumb Code    34  stm32f10x_usart.o(.text)
    USART_ClockStructInit                    0x08006d07   Thumb Code    12  stm32f10x_usart.o(.text)
    USART_Cmd                                0x08006d13   Thumb Code    24  stm32f10x_usart.o(.text)
    USART_ITConfig                           0x08006d2b   Thumb Code    74  stm32f10x_usart.o(.text)
    USART_DMACmd                             0x08006d75   Thumb Code    18  stm32f10x_usart.o(.text)
    USART_SetAddress                         0x08006d87   Thumb Code    18  stm32f10x_usart.o(.text)
    USART_WakeUpConfig                       0x08006d99   Thumb Code    18  stm32f10x_usart.o(.text)
    USART_ReceiverWakeUpCmd                  0x08006dab   Thumb Code    24  stm32f10x_usart.o(.text)
    USART_LINBreakDetectLengthConfig         0x08006dc3   Thumb Code    18  stm32f10x_usart.o(.text)
    USART_LINCmd                             0x08006dd5   Thumb Code    24  stm32f10x_usart.o(.text)
    USART_SendData                           0x08006ded   Thumb Code     8  stm32f10x_usart.o(.text)
    USART_ReceiveData                        0x08006df5   Thumb Code    10  stm32f10x_usart.o(.text)
    USART_SendBreak                          0x08006dff   Thumb Code    10  stm32f10x_usart.o(.text)
    USART_SetGuardTime                       0x08006e09   Thumb Code    16  stm32f10x_usart.o(.text)
    USART_SetPrescaler                       0x08006e19   Thumb Code    16  stm32f10x_usart.o(.text)
    USART_SmartCardCmd                       0x08006e29   Thumb Code    24  stm32f10x_usart.o(.text)
    USART_SmartCardNACKCmd                   0x08006e41   Thumb Code    24  stm32f10x_usart.o(.text)
    USART_HalfDuplexCmd                      0x08006e59   Thumb Code    24  stm32f10x_usart.o(.text)
    USART_OverSampling8Cmd                   0x08006e71   Thumb Code    22  stm32f10x_usart.o(.text)
    USART_OneBitMethodCmd                    0x08006e87   Thumb Code    24  stm32f10x_usart.o(.text)
    USART_IrDAConfig                         0x08006e9f   Thumb Code    18  stm32f10x_usart.o(.text)
    USART_IrDACmd                            0x08006eb1   Thumb Code    24  stm32f10x_usart.o(.text)
    USART_GetFlagStatus                      0x08006ec9   Thumb Code    26  stm32f10x_usart.o(.text)
    USART_ClearFlag                          0x08006ee3   Thumb Code    18  stm32f10x_usart.o(.text)
    USART_GetITStatus                        0x08006ef5   Thumb Code    84  stm32f10x_usart.o(.text)
    USART_ClearITPendingBit                  0x08006f49   Thumb Code    52  stm32f10x_usart.o(.text)
    __use_no_semihosting                     0x08006f7d   Thumb Code     2  use_no_semi_2.o(.text)
    __aeabi_ldivmod                          0x08006f7f   Thumb Code     0  llsdiv.o(.text)
    _ll_sdiv                                 0x08006f7f   Thumb Code    72  llsdiv.o(.text)
    __2printf                                0x08006fc9   Thumb Code    20  noretval__2printf.o(.text)
    _printf_pre_padding                      0x08006fe1   Thumb Code    44  _printf_pad.o(.text)
    _printf_post_padding                     0x0800700d   Thumb Code    34  _printf_pad.o(.text)
    _printf_int_dec                          0x08007031   Thumb Code   104  _printf_dec.o(.text)
    _printf_int_hex                          0x080070a9   Thumb Code    84  _printf_hex_int.o(.text)
    _printf_longlong_hex                     0x080070a9   Thumb Code     0  _printf_hex_int.o(.text)
    __printf                                 0x08007101   Thumb Code   308  __printf_flags_wp.o(.text)
    memcmp                                   0x08007239   Thumb Code    88  memcmp.o(.text)
    strlen                                   0x08007291   Thumb Code    62  strlen.o(.text)
    __aeabi_memset                           0x080072cf   Thumb Code    16  aeabi_memset.o(.text)
    __use_two_region_memory                  0x080072df   Thumb Code     2  heapauxi.o(.text)
    __rt_heap_escrow$2region                 0x080072e1   Thumb Code     2  heapauxi.o(.text)
    __rt_heap_expand$2region                 0x080072e3   Thumb Code     2  heapauxi.o(.text)
    __I$use$semihosting                      0x080072e5   Thumb Code     0  use_no_semi.o(.text)
    __use_no_semihosting_swi                 0x080072e5   Thumb Code     2  use_no_semi.o(.text)
    __aeabi_uldivmod                         0x080072e7   Thumb Code     0  lludivv7m.o(.text)
    _ll_udiv                                 0x080072e7   Thumb Code   238  lludivv7m.o(.text)
    __read_errno                             0x080073d5   Thumb Code    10  _rserrno.o(.text)
    __set_errno                              0x080073df   Thumb Code    12  _rserrno.o(.text)
    _printf_int_common                       0x080073eb   Thumb Code   178  _printf_intcommon.o(.text)
    _printf_char_file                        0x0800749d   Thumb Code    32  _printf_char_file.o(.text)
    __aeabi_memclr                           0x080074c1   Thumb Code     0  rt_memclr.o(.text)
    __rt_memclr                              0x080074c1   Thumb Code    68  rt_memclr.o(.text)
    _memset                                  0x080074c5   Thumb Code     0  rt_memclr.o(.text)
    __aeabi_errno_addr                       0x08007505   Thumb Code     8  rt_errno_addr_intlibspace.o(.text)
    __errno$intlibspace                      0x08007505   Thumb Code     0  rt_errno_addr_intlibspace.o(.text)
    __rt_errno_addr$intlibspace              0x08007505   Thumb Code     0  rt_errno_addr_intlibspace.o(.text)
    _printf_char_common                      0x08007517   Thumb Code    32  _printf_char_common.o(.text)
    ferror                                   0x0800753d   Thumb Code     8  ferror.o(.text)
    __aeabi_memclr4                          0x08007545   Thumb Code     0  rt_memclr_w.o(.text)
    __aeabi_memclr8                          0x08007545   Thumb Code     0  rt_memclr_w.o(.text)
    __rt_memclr_w                            0x08007545   Thumb Code    78  rt_memclr_w.o(.text)
    _memset_w                                0x08007549   Thumb Code     0  rt_memclr_w.o(.text)
    __user_libspace                          0x08007595   Thumb Code     8  libspace.o(.text)
    __user_perproc_libspace                  0x08007595   Thumb Code     0  libspace.o(.text)
    __user_perthread_libspace                0x08007595   Thumb Code     0  libspace.o(.text)
    __user_setup_stackheap                   0x0800759d   Thumb Code    74  sys_stackheap_outer.o(.text)
    exit                                     0x080075e7   Thumb Code    18  exit.o(.text)
    __ARM_fpclassify                         0x080075f9   Thumb Code    40  fpclassify.o(i.__ARM_fpclassify)
    __kernel_poly                            0x08007621   Thumb Code   170  poly.o(i.__kernel_poly)
    __mathlib_dbl_infnan                     0x080076cb   Thumb Code     6  dunder.o(i.__mathlib_dbl_infnan)
    __mathlib_dbl_infnan2                    0x080076d1   Thumb Code     4  dunder.o(i.__mathlib_dbl_infnan2)
    __mathlib_dbl_invalid                    0x080076d5   Thumb Code    12  dunder.o(i.__mathlib_dbl_invalid)
    __mathlib_dbl_underflow                  0x080076e1   Thumb Code    10  dunder.o(i.__mathlib_dbl_underflow)
    _is_digit                                0x080076f1   Thumb Code    14  __printf_wp.o(i._is_digit)
    asin                                     0x08007701   Thumb Code   572  asin.o(i.asin)
    atan                                     0x08007971   Thumb Code   474  atan.o(i.atan)
    atan2                                    0x08007b91   Thumb Code   346  atan2.o(i.atan2)
    sqrt                                     0x08007d11   Thumb Code    76  sqrt.o(i.sqrt)
    __aeabi_d2f                              0x08007d5d   Thumb Code     0  d2f.o(x$fpl$d2f)
    _d2f                                     0x08007d5d   Thumb Code    98  d2f.o(x$fpl$d2f)
    __aeabi_dadd                             0x08007dc1   Thumb Code     0  daddsub_clz.o(x$fpl$dadd)
    _dadd                                    0x08007dc1   Thumb Code   332  daddsub_clz.o(x$fpl$dadd)
    __fpl_dcheck_NaN1                        0x08007f11   Thumb Code    10  dcheck1.o(x$fpl$dcheck1)
    __fpl_dcmp_Inf                           0x08007f21   Thumb Code    24  dcmpi.o(x$fpl$dcmpinf)
    __aeabi_ddiv                             0x08007f39   Thumb Code     0  ddiv.o(x$fpl$ddiv)
    _ddiv                                    0x08007f39   Thumb Code   552  ddiv.o(x$fpl$ddiv)
    __aeabi_d2iz                             0x080081e9   Thumb Code     0  dfix.o(x$fpl$dfix)
    _dfix                                    0x080081e9   Thumb Code    94  dfix.o(x$fpl$dfix)
    __aeabi_d2uiz                            0x08008249   Thumb Code     0  dfixu.o(x$fpl$dfixu)
    _dfixu                                   0x08008249   Thumb Code    90  dfixu.o(x$fpl$dfixu)
    __aeabi_i2d                              0x080082a3   Thumb Code     0  dflt_clz.o(x$fpl$dflt)
    _dflt                                    0x080082a3   Thumb Code    46  dflt_clz.o(x$fpl$dflt)
    __aeabi_ui2d                             0x080082d1   Thumb Code     0  dflt_clz.o(x$fpl$dfltu)
    _dfltu                                   0x080082d1   Thumb Code    38  dflt_clz.o(x$fpl$dfltu)
    __aeabi_cdcmple                          0x080082f9   Thumb Code     0  dleqf.o(x$fpl$dleqf)
    _dcmple                                  0x080082f9   Thumb Code   120  dleqf.o(x$fpl$dleqf)
    __fpl_dcmple_InfNaN                      0x0800835b   Thumb Code     0  dleqf.o(x$fpl$dleqf)
    __aeabi_dmul                             0x08008371   Thumb Code     0  dmul.o(x$fpl$dmul)
    _dmul                                    0x08008371   Thumb Code   332  dmul.o(x$fpl$dmul)
    __fpl_dnaninf                            0x080084c5   Thumb Code   156  dnaninf.o(x$fpl$dnaninf)
    __fpl_dretinf                            0x08008561   Thumb Code    12  dretinf.o(x$fpl$dretinf)
    __aeabi_drsub                            0x0800856d   Thumb Code     0  daddsub_clz.o(x$fpl$drsb)
    _drsb                                    0x0800856d   Thumb Code    22  daddsub_clz.o(x$fpl$drsb)
    _dsqrt                                   0x08008585   Thumb Code   456  dsqrt_noumaal.o(x$fpl$dsqrt)
    __aeabi_dsub                             0x08008751   Thumb Code     0  daddsub_clz.o(x$fpl$dsub)
    _dsub                                    0x08008751   Thumb Code   464  daddsub_clz.o(x$fpl$dsub)
    __aeabi_f2d                              0x08008925   Thumb Code     0  f2d.o(x$fpl$f2d)
    _f2d                                     0x08008925   Thumb Code    86  f2d.o(x$fpl$f2d)
    __aeabi_fadd                             0x0800897d   Thumb Code     0  faddsub_clz.o(x$fpl$fadd)
    _fadd                                    0x0800897d   Thumb Code   196  faddsub_clz.o(x$fpl$fadd)
    __fpl_fcmp_Inf                           0x08008a41   Thumb Code    24  fcmpi.o(x$fpl$fcmpinf)
    __aeabi_fdiv                             0x08008a59   Thumb Code     0  fdiv.o(x$fpl$fdiv)
    _fdiv                                    0x08008a59   Thumb Code   384  fdiv.o(x$fpl$fdiv)
    __aeabi_cfcmpeq                          0x08008bdd   Thumb Code     0  feqf.o(x$fpl$feqf)
    _fcmpeq                                  0x08008bdd   Thumb Code   104  feqf.o(x$fpl$feqf)
    __aeabi_f2iz                             0x08008c45   Thumb Code     0  ffix.o(x$fpl$ffix)
    _ffix                                    0x08008c45   Thumb Code    54  ffix.o(x$fpl$ffix)
    __aeabi_f2uiz                            0x08008c7d   Thumb Code     0  ffixu.o(x$fpl$ffixu)
    _ffixu                                   0x08008c7d   Thumb Code    62  ffixu.o(x$fpl$ffixu)
    __aeabi_i2f                              0x08008cbd   Thumb Code     0  fflt_clz.o(x$fpl$fflt)
    _fflt                                    0x08008cbd   Thumb Code    48  fflt_clz.o(x$fpl$fflt)
    __aeabi_ui2f                             0x08008ced   Thumb Code     0  fflt_clz.o(x$fpl$ffltu)
    _ffltu                                   0x08008ced   Thumb Code    38  fflt_clz.o(x$fpl$ffltu)
    __aeabi_cfcmple                          0x08008d15   Thumb Code     0  fleqf.o(x$fpl$fleqf)
    _fcmple                                  0x08008d15   Thumb Code   104  fleqf.o(x$fpl$fleqf)
    __fpl_fcmple_InfNaN                      0x08008d67   Thumb Code     0  fleqf.o(x$fpl$fleqf)
    __aeabi_fmul                             0x08008d7d   Thumb Code     0  fmul.o(x$fpl$fmul)
    _fmul                                    0x08008d7d   Thumb Code   258  fmul.o(x$fpl$fmul)
    __fpl_fnaninf                            0x08008e7f   Thumb Code   140  fnaninf.o(x$fpl$fnaninf)
    __fpl_fretinf                            0x08008f0b   Thumb Code    10  fretinf.o(x$fpl$fretinf)
    __aeabi_cfrcmple                         0x08008f15   Thumb Code     0  frleqf.o(x$fpl$frleqf)
    _frcmple                                 0x08008f15   Thumb Code    98  frleqf.o(x$fpl$frleqf)
    __aeabi_frsub                            0x08008f77   Thumb Code     0  faddsub_clz.o(x$fpl$frsb)
    _frsb                                    0x08008f77   Thumb Code    20  faddsub_clz.o(x$fpl$frsb)
    __aeabi_fsub                             0x08008f8d   Thumb Code     0  faddsub_clz.o(x$fpl$fsub)
    _fsub                                    0x08008f8d   Thumb Code   234  faddsub_clz.o(x$fpl$fsub)
    __fpl_return_NaN                         0x08009077   Thumb Code   100  retnan.o(x$fpl$retnan)
    __ARM_scalbn                             0x080090db   Thumb Code    92  scalbn.o(x$fpl$scalbn)
    __fpl_cmpreturn                          0x08009137   Thumb Code    48  trapv.o(x$fpl$trapveneer)
    __I$use$fp                               0x08009166   Number         0  usenofp.o(x$fpl$usenofp)
    reg                                      0x08009168   Data          27  inv_mpu.o(.constdata)
    hw                                       0x08009184   Data          12  inv_mpu.o(.constdata)
    test                                     0x08009190   Data          40  inv_mpu.o(.constdata)
    F6x8                                     0x08009dae   Data         552  oled.o(.constdata)
    F8X16                                    0x08009fd6   Data        1520  oled.o(.constdata)
    __mathlib_zero                           0x0800a6e8   Data           8  qnan.o(.constdata)
    Region$$Table$$Base                      0x0800a740   Number         0  anon$$obj.o(Region$$Table)
    Region$$Table$$Limit                     0x0800a760   Number         0  anon$$obj.o(Region$$Table)
    overcount                                0x20000000   Data           4  main.o(.data)
    length                                   0x20000004   Data           4  main.o(.data)
    Pitch                                    0x20000008   Data           4  main.o(.data)
    Roll                                     0x2000000c   Data           4  main.o(.data)
    Yaw                                      0x20000010   Data           4  main.o(.data)
    gyrox                                    0x20000014   Data           2  main.o(.data)
    gyroy                                    0x20000016   Data           2  main.o(.data)
    gyroz                                    0x20000018   Data           2  main.o(.data)
    aacx                                     0x2000001a   Data           2  main.o(.data)
    aacy                                     0x2000001c   Data           2  main.o(.data)
    aacz                                     0x2000001e   Data           2  main.o(.data)
    Encoder_Left                             0x20000020   Data           4  main.o(.data)
    Encoder_Right                            0x20000024   Data           4  main.o(.data)
    PWM_MAX                                  0x20000028   Data           4  main.o(.data)
    PWM_MIN                                  0x2000002c   Data           4  main.o(.data)
    MOTO1                                    0x20000030   Data           4  main.o(.data)
    MOTO2                                    0x20000034   Data           4  main.o(.data)
    SystemCoreClock                          0x20000038   Data           4  system_stm32f10x.o(.data)
    AHBPrescTable                            0x2000003c   Data          16  system_stm32f10x.o(.data)
    __stdout                                 0x20000050   Data           4  usart.o(.data)
    USART_RX_STA                             0x20000054   Data           1  usart.o(.data)
    Hzk                                      0x2000008d   Data         896  oled.o(.data)
    Med_Angle                                0x20000410   Data           4  control.o(.data)
    Target_Speed                             0x20000414   Data           4  control.o(.data)
    Turn_Speed                               0x20000418   Data           4  control.o(.data)
    Vertical_Kp                              0x2000041c   Data           4  control.o(.data)
    Vertical_Kd                              0x20000420   Data           4  control.o(.data)
    Velocity_Kp                              0x20000424   Data           4  control.o(.data)
    Velocity_Ki                              0x20000428   Data           4  control.o(.data)
    Turn_Kd                                  0x2000042c   Data           4  control.o(.data)
    Turn_Kp                                  0x20000430   Data           4  control.o(.data)
    Vertical_out                             0x20000434   Data           4  control.o(.data)
    Velocity_out                             0x20000438   Data           4  control.o(.data)
    Turn_out                                 0x2000043c   Data           4  control.o(.data)
    PWM_Zero                                 0x20000454   Data           1  motor.o(.data)
    stop                                     0x20000455   Data           1  motor.o(.data)
    Fore                                     0x20000456   Data           1  usart3.o(.data)
    Back                                     0x20000457   Data           1  usart3.o(.data)
    Left                                     0x20000458   Data           1  usart3.o(.data)
    Right                                    0x20000459   Data           1  usart3.o(.data)
    USART_RX_BUF                             0x20000470   Data          64  usart.o(.bss)
    __libspace_start                         0x200004c0   Data          96  libspace.o(.bss)
    __temporary_stack_top$libspace           0x20000520   Data           0  libspace.o(.bss)



==============================================================================

Memory Map of the image

  Image Entry point : 0x080000ed

  Load Region LR_IROM1 (Base: 0x08000000, Size: 0x0000abd0, Max: 0x00010000, ABSOLUTE, COMPRESSED[0x0000a91c])

    Execution Region ER_IROM1 (Exec base: 0x08000000, Load base: 0x08000000, Size: 0x0000a760, Max: 0x00010000, ABSOLUTE)

    Exec Addr    Load Addr    Size         Type   Attr      Idx    E Section Name        Object

    0x08000000   0x08000000   0x000000ec   Data   RO          672    RESET               startup_stm32f10x_md.o
    0x080000ec   0x080000ec   0x00000008   Code   RO         1299  * !!!main             c_w.l(__main.o)
    0x080000f4   0x080000f4   0x00000034   Code   RO         1634    !!!scatter          c_w.l(__scatter.o)
    0x08000128   0x08000128   0x0000005a   Code   RO         1632    !!dczerorl2         c_w.l(__dczerorl2.o)
    0x08000182   0x08000182   0x00000002   PAD
    0x08000184   0x08000184   0x0000001c   Code   RO         1636    !!handler_zi        c_w.l(__scatter_zi.o)
    0x080001a0   0x080001a0   0x00000000   Code   RO         1290    .ARM.Collect$$_printf_percent$$00000000  c_w.l(_printf_percent.o)
    0x080001a0   0x080001a0   0x00000006   Code   RO         1289    .ARM.Collect$$_printf_percent$$00000009  c_w.l(_printf_d.o)
    0x080001a6   0x080001a6   0x00000006   Code   RO         1288    .ARM.Collect$$_printf_percent$$0000000C  c_w.l(_printf_x.o)
    0x080001ac   0x080001ac   0x00000004   Code   RO         1394    .ARM.Collect$$_printf_percent$$00000017  c_w.l(_printf_percent_end.o)
    0x080001b0   0x080001b0   0x00000002   Code   RO         1501    .ARM.Collect$$libinit$$00000000  c_w.l(libinit.o)
    0x080001b2   0x080001b2   0x00000000   Code   RO         1511    .ARM.Collect$$libinit$$00000002  c_w.l(libinit2.o)
    0x080001b2   0x080001b2   0x00000000   Code   RO         1513    .ARM.Collect$$libinit$$00000004  c_w.l(libinit2.o)
    0x080001b2   0x080001b2   0x00000000   Code   RO         1516    .ARM.Collect$$libinit$$0000000A  c_w.l(libinit2.o)
    0x080001b2   0x080001b2   0x00000000   Code   RO         1518    .ARM.Collect$$libinit$$0000000C  c_w.l(libinit2.o)
    0x080001b2   0x080001b2   0x00000000   Code   RO         1520    .ARM.Collect$$libinit$$0000000E  c_w.l(libinit2.o)
    0x080001b2   0x080001b2   0x00000000   Code   RO         1523    .ARM.Collect$$libinit$$00000011  c_w.l(libinit2.o)
    0x080001b2   0x080001b2   0x00000000   Code   RO         1525    .ARM.Collect$$libinit$$00000013  c_w.l(libinit2.o)
    0x080001b2   0x080001b2   0x00000000   Code   RO         1527    .ARM.Collect$$libinit$$00000015  c_w.l(libinit2.o)
    0x080001b2   0x080001b2   0x00000000   Code   RO         1529    .ARM.Collect$$libinit$$00000017  c_w.l(libinit2.o)
    0x080001b2   0x080001b2   0x00000000   Code   RO         1531    .ARM.Collect$$libinit$$00000019  c_w.l(libinit2.o)
    0x080001b2   0x080001b2   0x00000000   Code   RO         1533    .ARM.Collect$$libinit$$0000001B  c_w.l(libinit2.o)
    0x080001b2   0x080001b2   0x00000000   Code   RO         1535    .ARM.Collect$$libinit$$0000001D  c_w.l(libinit2.o)
    0x080001b2   0x080001b2   0x00000000   Code   RO         1537    .ARM.Collect$$libinit$$0000001F  c_w.l(libinit2.o)
    0x080001b2   0x080001b2   0x00000000   Code   RO         1539    .ARM.Collect$$libinit$$00000021  c_w.l(libinit2.o)
    0x080001b2   0x080001b2   0x00000000   Code   RO         1541    .ARM.Collect$$libinit$$00000023  c_w.l(libinit2.o)
    0x080001b2   0x080001b2   0x00000000   Code   RO         1543    .ARM.Collect$$libinit$$00000025  c_w.l(libinit2.o)
    0x080001b2   0x080001b2   0x00000000   Code   RO         1547    .ARM.Collect$$libinit$$0000002C  c_w.l(libinit2.o)
    0x080001b2   0x080001b2   0x00000000   Code   RO         1549    .ARM.Collect$$libinit$$0000002E  c_w.l(libinit2.o)
    0x080001b2   0x080001b2   0x00000000   Code   RO         1551    .ARM.Collect$$libinit$$00000030  c_w.l(libinit2.o)
    0x080001b2   0x080001b2   0x00000000   Code   RO         1553    .ARM.Collect$$libinit$$00000032  c_w.l(libinit2.o)
    0x080001b2   0x080001b2   0x00000002   Code   RO         1554    .ARM.Collect$$libinit$$00000033  c_w.l(libinit2.o)
    0x080001b4   0x080001b4   0x00000002   Code   RO         1584    .ARM.Collect$$libshutdown$$00000000  c_w.l(libshutdown.o)
    0x080001b6   0x080001b6   0x00000000   Code   RO         1598    .ARM.Collect$$libshutdown$$00000002  c_w.l(libshutdown2.o)
    0x080001b6   0x080001b6   0x00000000   Code   RO         1600    .ARM.Collect$$libshutdown$$00000004  c_w.l(libshutdown2.o)
    0x080001b6   0x080001b6   0x00000000   Code   RO         1603    .ARM.Collect$$libshutdown$$00000007  c_w.l(libshutdown2.o)
    0x080001b6   0x080001b6   0x00000000   Code   RO         1606    .ARM.Collect$$libshutdown$$0000000A  c_w.l(libshutdown2.o)
    0x080001b6   0x080001b6   0x00000000   Code   RO         1608    .ARM.Collect$$libshutdown$$0000000C  c_w.l(libshutdown2.o)
    0x080001b6   0x080001b6   0x00000000   Code   RO         1611    .ARM.Collect$$libshutdown$$0000000F  c_w.l(libshutdown2.o)
    0x080001b6   0x080001b6   0x00000002   Code   RO         1612    .ARM.Collect$$libshutdown$$00000010  c_w.l(libshutdown2.o)
    0x080001b8   0x080001b8   0x00000000   Code   RO         1385    .ARM.Collect$$rtentry$$00000000  c_w.l(__rtentry.o)
    0x080001b8   0x080001b8   0x00000000   Code   RO         1450    .ARM.Collect$$rtentry$$00000002  c_w.l(__rtentry2.o)
    0x080001b8   0x080001b8   0x00000006   Code   RO         1462    .ARM.Collect$$rtentry$$00000004  c_w.l(__rtentry4.o)
    0x080001be   0x080001be   0x00000000   Code   RO         1452    .ARM.Collect$$rtentry$$00000009  c_w.l(__rtentry2.o)
    0x080001be   0x080001be   0x00000004   Code   RO         1453    .ARM.Collect$$rtentry$$0000000A  c_w.l(__rtentry2.o)
    0x080001c2   0x080001c2   0x00000000   Code   RO         1455    .ARM.Collect$$rtentry$$0000000C  c_w.l(__rtentry2.o)
    0x080001c2   0x080001c2   0x00000008   Code   RO         1456    .ARM.Collect$$rtentry$$0000000D  c_w.l(__rtentry2.o)
    0x080001ca   0x080001ca   0x00000002   Code   RO         1504    .ARM.Collect$$rtexit$$00000000  c_w.l(rtexit.o)
    0x080001cc   0x080001cc   0x00000000   Code   RO         1558    .ARM.Collect$$rtexit$$00000002  c_w.l(rtexit2.o)
    0x080001cc   0x080001cc   0x00000004   Code   RO         1559    .ARM.Collect$$rtexit$$00000003  c_w.l(rtexit2.o)
    0x080001d0   0x080001d0   0x00000006   Code   RO         1560    .ARM.Collect$$rtexit$$00000004  c_w.l(rtexit2.o)
    0x080001d6   0x080001d6   0x00000002   PAD
    0x080001d8   0x080001d8   0x000002ac   Code   RO            4    .text               main.o
    0x08000484   0x08000484   0x0000001a   Code   RO          184    .text               stm32f10x_it.o
    0x0800049e   0x0800049e   0x00000002   PAD
    0x080004a0   0x080004a0   0x000001e0   Code   RO          211    .text               system_stm32f10x.o
    0x08000680   0x08000680   0x000000d4   Code   RO          241    .text               delay.o
    0x08000754   0x08000754   0x00000060   Code   RO          297    .text               sys.o
    0x080007b4   0x080007b4   0x00000124   Code   RO          321    .text               usart.o
    0x080008d8   0x080008d8   0x00000244   Code   RO          353    .text               mpuiic.o
    0x08000b1c   0x08000b1c   0x00000368   Code   RO          377    .text               mpu6050.o
    0x08000e84   0x08000e84   0x00002288   Code   RO          401    .text               inv_mpu.o
    0x0800310c   0x0800310c   0x00000d70   Code   RO          437    .text               inv_mpu_dmp_motion_driver.o
    0x08003e7c   0x08003e7c   0x00000c14   Code   RO          470    .text               oled.o
    0x08004a90   0x08004a90   0x0000042c   Code   RO          501    .text               control.o
    0x08004ebc   0x08004ebc   0x000001a0   Code   RO          529    .text               encoder.o
    0x0800505c   0x0800505c   0x00000050   Code   RO          553    .text               exti.o
    0x080050ac   0x080050ac   0x00000140   Code   RO          577    .text               motor.o
    0x080051ec   0x080051ec   0x000000ac   Code   RO          608    .text               pwm.o
    0x08005298   0x08005298   0x00000188   Code   RO          632    .text               usart3.o
    0x08005420   0x08005420   0x00000040   Code   RO          673    .text               startup_stm32f10x_md.o
    0x08005460   0x08005460   0x000000dc   Code   RO          680    .text               misc.o
    0x0800553c   0x0800553c   0x0000011c   Code   RO          896    .text               stm32f10x_exti.o
    0x08005658   0x08005658   0x0000035c   Code   RO          968    .text               stm32f10x_gpio.o
    0x080059b4   0x080059b4   0x000003a4   Code   RO         1064    .text               stm32f10x_rcc.o
    0x08005d58   0x08005d58   0x00000e1a   Code   RO         1162    .text               stm32f10x_tim.o
    0x08006b72   0x08006b72   0x00000002   PAD
    0x08006b74   0x08006b74   0x00000408   Code   RO         1186    .text               stm32f10x_usart.o
    0x08006f7c   0x08006f7c   0x00000002   Code   RO         1233    .text               c_w.l(use_no_semi_2.o)
    0x08006f7e   0x08006f7e   0x00000048   Code   RO         1235    .text               c_w.l(llsdiv.o)
    0x08006fc6   0x08006fc6   0x00000002   PAD
    0x08006fc8   0x08006fc8   0x00000018   Code   RO         1239    .text               c_w.l(noretval__2printf.o)
    0x08006fe0   0x08006fe0   0x0000004e   Code   RO         1243    .text               c_w.l(_printf_pad.o)
    0x0800702e   0x0800702e   0x00000002   PAD
    0x08007030   0x08007030   0x00000078   Code   RO         1245    .text               c_w.l(_printf_dec.o)
    0x080070a8   0x080070a8   0x00000058   Code   RO         1250    .text               c_w.l(_printf_hex_int.o)
    0x08007100   0x08007100   0x00000138   Code   RO         1280    .text               c_w.l(__printf_flags_wp.o)
    0x08007238   0x08007238   0x00000058   Code   RO         1291    .text               c_w.l(memcmp.o)
    0x08007290   0x08007290   0x0000003e   Code   RO         1293    .text               c_w.l(strlen.o)
    0x080072ce   0x080072ce   0x00000010   Code   RO         1295    .text               c_w.l(aeabi_memset.o)
    0x080072de   0x080072de   0x00000006   Code   RO         1297    .text               c_w.l(heapauxi.o)
    0x080072e4   0x080072e4   0x00000002   Code   RO         1383    .text               c_w.l(use_no_semi.o)
    0x080072e6   0x080072e6   0x000000ee   Code   RO         1386    .text               c_w.l(lludivv7m.o)
    0x080073d4   0x080073d4   0x00000016   Code   RO         1388    .text               c_w.l(_rserrno.o)
    0x080073ea   0x080073ea   0x000000b2   Code   RO         1390    .text               c_w.l(_printf_intcommon.o)
    0x0800749c   0x0800749c   0x00000024   Code   RO         1392    .text               c_w.l(_printf_char_file.o)
    0x080074c0   0x080074c0   0x00000044   Code   RO         1395    .text               c_w.l(rt_memclr.o)
    0x08007504   0x08007504   0x00000008   Code   RO         1471    .text               c_w.l(rt_errno_addr_intlibspace.o)
    0x0800750c   0x0800750c   0x00000030   Code   RO         1473    .text               c_w.l(_printf_char_common.o)
    0x0800753c   0x0800753c   0x00000008   Code   RO         1475    .text               c_w.l(ferror.o)
    0x08007544   0x08007544   0x0000004e   Code   RO         1479    .text               c_w.l(rt_memclr_w.o)
    0x08007592   0x08007592   0x00000002   PAD
    0x08007594   0x08007594   0x00000008   Code   RO         1485    .text               c_w.l(libspace.o)
    0x0800759c   0x0800759c   0x0000004a   Code   RO         1488    .text               c_w.l(sys_stackheap_outer.o)
    0x080075e6   0x080075e6   0x00000012   Code   RO         1494    .text               c_w.l(exit.o)
    0x080075f8   0x080075f8   0x00000028   Code   RO         1436    i.__ARM_fpclassify  m_ws.l(fpclassify.o)
    0x08007620   0x08007620   0x000000aa   Code   RO         1438    i.__kernel_poly     m_ws.l(poly.o)
    0x080076ca   0x080076ca   0x00000006   Code   RO         1423    i.__mathlib_dbl_infnan  m_ws.l(dunder.o)
    0x080076d0   0x080076d0   0x00000004   Code   RO         1424    i.__mathlib_dbl_infnan2  m_ws.l(dunder.o)
    0x080076d4   0x080076d4   0x0000000c   Code   RO         1425    i.__mathlib_dbl_invalid  m_ws.l(dunder.o)
    0x080076e0   0x080076e0   0x00000010   Code   RO         1428    i.__mathlib_dbl_underflow  m_ws.l(dunder.o)
    0x080076f0   0x080076f0   0x0000000e   Code   RO         1278    i._is_digit         c_w.l(__printf_wp.o)
    0x080076fe   0x080076fe   0x00000002   PAD
    0x08007700   0x08007700   0x00000270   Code   RO         1366    i.asin              m_ws.l(asin.o)
    0x08007970   0x08007970   0x00000220   Code   RO         1413    i.atan              m_ws.l(atan.o)
    0x08007b90   0x08007b90   0x00000180   Code   RO         1376    i.atan2             m_ws.l(atan2.o)
    0x08007d10   0x08007d10   0x0000004c   Code   RO         1442    i.sqrt              m_ws.l(sqrt.o)
    0x08007d5c   0x08007d5c   0x00000062   Code   RO         1301    x$fpl$d2f           fz_ws.l(d2f.o)
    0x08007dbe   0x08007dbe   0x00000002   PAD
    0x08007dc0   0x08007dc0   0x00000150   Code   RO         1303    x$fpl$dadd          fz_ws.l(daddsub_clz.o)
    0x08007f10   0x08007f10   0x00000010   Code   RO         1481    x$fpl$dcheck1       fz_ws.l(dcheck1.o)
    0x08007f20   0x08007f20   0x00000018   Code   RO         1397    x$fpl$dcmpinf       fz_ws.l(dcmpi.o)
    0x08007f38   0x08007f38   0x000002b0   Code   RO         1310    x$fpl$ddiv          fz_ws.l(ddiv.o)
    0x080081e8   0x080081e8   0x0000005e   Code   RO         1313    x$fpl$dfix          fz_ws.l(dfix.o)
    0x08008246   0x08008246   0x00000002   PAD
    0x08008248   0x08008248   0x0000005a   Code   RO         1317    x$fpl$dfixu         fz_ws.l(dfixu.o)
    0x080082a2   0x080082a2   0x0000002e   Code   RO         1322    x$fpl$dflt          fz_ws.l(dflt_clz.o)
    0x080082d0   0x080082d0   0x00000026   Code   RO         1321    x$fpl$dfltu         fz_ws.l(dflt_clz.o)
    0x080082f6   0x080082f6   0x00000002   PAD
    0x080082f8   0x080082f8   0x00000078   Code   RO         1327    x$fpl$dleqf         fz_ws.l(dleqf.o)
    0x08008370   0x08008370   0x00000154   Code   RO         1329    x$fpl$dmul          fz_ws.l(dmul.o)
    0x080084c4   0x080084c4   0x0000009c   Code   RO         1399    x$fpl$dnaninf       fz_ws.l(dnaninf.o)
    0x08008560   0x08008560   0x0000000c   Code   RO         1401    x$fpl$dretinf       fz_ws.l(dretinf.o)
    0x0800856c   0x0800856c   0x00000016   Code   RO         1304    x$fpl$drsb          fz_ws.l(daddsub_clz.o)
    0x08008582   0x08008582   0x00000002   PAD
    0x08008584   0x08008584   0x000001cc   Code   RO         1483    x$fpl$dsqrt         fz_ws.l(dsqrt_noumaal.o)
    0x08008750   0x08008750   0x000001d4   Code   RO         1305    x$fpl$dsub          fz_ws.l(daddsub_clz.o)
    0x08008924   0x08008924   0x00000056   Code   RO         1331    x$fpl$f2d           fz_ws.l(f2d.o)
    0x0800897a   0x0800897a   0x00000002   PAD
    0x0800897c   0x0800897c   0x000000c4   Code   RO         1333    x$fpl$fadd          fz_ws.l(faddsub_clz.o)
    0x08008a40   0x08008a40   0x00000018   Code   RO         1403    x$fpl$fcmpinf       fz_ws.l(fcmpi.o)
    0x08008a58   0x08008a58   0x00000184   Code   RO         1340    x$fpl$fdiv          fz_ws.l(fdiv.o)
    0x08008bdc   0x08008bdc   0x00000068   Code   RO         1343    x$fpl$feqf          fz_ws.l(feqf.o)
    0x08008c44   0x08008c44   0x00000036   Code   RO         1345    x$fpl$ffix          fz_ws.l(ffix.o)
    0x08008c7a   0x08008c7a   0x00000002   PAD
    0x08008c7c   0x08008c7c   0x0000003e   Code   RO         1349    x$fpl$ffixu         fz_ws.l(ffixu.o)
    0x08008cba   0x08008cba   0x00000002   PAD
    0x08008cbc   0x08008cbc   0x00000030   Code   RO         1354    x$fpl$fflt          fz_ws.l(fflt_clz.o)
    0x08008cec   0x08008cec   0x00000026   Code   RO         1353    x$fpl$ffltu         fz_ws.l(fflt_clz.o)
    0x08008d12   0x08008d12   0x00000002   PAD
    0x08008d14   0x08008d14   0x00000068   Code   RO         1359    x$fpl$fleqf         fz_ws.l(fleqf.o)
    0x08008d7c   0x08008d7c   0x00000102   Code   RO         1361    x$fpl$fmul          fz_ws.l(fmul.o)
    0x08008e7e   0x08008e7e   0x0000008c   Code   RO         1405    x$fpl$fnaninf       fz_ws.l(fnaninf.o)
    0x08008f0a   0x08008f0a   0x0000000a   Code   RO         1407    x$fpl$fretinf       fz_ws.l(fretinf.o)
    0x08008f14   0x08008f14   0x00000062   Code   RO         1363    x$fpl$frleqf        fz_ws.l(frleqf.o)
    0x08008f76   0x08008f76   0x00000014   Code   RO         1334    x$fpl$frsb          fz_ws.l(faddsub_clz.o)
    0x08008f8a   0x08008f8a   0x00000002   PAD
    0x08008f8c   0x08008f8c   0x000000ea   Code   RO         1335    x$fpl$fsub          fz_ws.l(faddsub_clz.o)
    0x08009076   0x08009076   0x00000064   Code   RO         1502    x$fpl$retnan        fz_ws.l(retnan.o)
    0x080090da   0x080090da   0x0000005c   Code   RO         1409    x$fpl$scalbn        fz_ws.l(scalbn.o)
    0x08009136   0x08009136   0x00000030   Code   RO         1555    x$fpl$trapveneer    fz_ws.l(trapv.o)
    0x08009166   0x08009166   0x00000000   Code   RO         1411    x$fpl$usenofp       fz_ws.l(usenofp.o)
    0x08009166   0x08009166   0x00000002   PAD
    0x08009168   0x08009168   0x00000050   Data   RO          402    .constdata          inv_mpu.o
    0x080091b8   0x080091b8   0x00000bf6   Data   RO          439    .constdata          inv_mpu_dmp_motion_driver.o
    0x08009dae   0x08009dae   0x00000818   Data   RO          471    .constdata          oled.o
    0x0800a5c6   0x0800a5c6   0x00000028   Data   RO         1251    .constdata          c_w.l(_printf_hex_int.o)
    0x0800a5ee   0x0800a5ee   0x00000011   Data   RO         1281    .constdata          c_w.l(__printf_flags_wp.o)
    0x0800a5ff   0x0800a5ff   0x00000001   PAD
    0x0800a600   0x0800a600   0x00000050   Data   RO         1367    .constdata          m_ws.l(asin.o)
    0x0800a650   0x0800a650   0x00000098   Data   RO         1414    .constdata          m_ws.l(atan.o)
    0x0800a6e8   0x0800a6e8   0x00000008   Data   RO         1440    .constdata          m_ws.l(qnan.o)
    0x0800a6f0   0x0800a6f0   0x0000004d   Data   RO          403    .conststring        inv_mpu.o
    0x0800a73d   0x0800a73d   0x00000003   PAD
    0x0800a740   0x0800a740   0x00000020   Data   RO         1630    Region$$Table       anon$$obj.o


    Execution Region RW_IRAM1 (Exec base: 0x20000000, Load base: 0x0800a760, Size: 0x00000b20, Max: 0x00005000, ABSOLUTE, COMPRESSED[0x000001bc])

    Exec Addr    Load Addr    Size         Type   Attr      Idx    E Section Name        Object

    0x20000000   COMPRESSED   0x00000038   Data   RW            5    .data               main.o
    0x20000038   COMPRESSED   0x00000014   Data   RW          212    .data               system_stm32f10x.o
    0x2000004c   COMPRESSED   0x00000004   Data   RW          242    .data               delay.o
    0x20000050   COMPRESSED   0x00000005   Data   RW          323    .data               usart.o
    0x20000055   COMPRESSED   0x00000003   PAD
    0x20000058   COMPRESSED   0x00000035   Data   RW          404    .data               inv_mpu.o
    0x2000008d   COMPRESSED   0x00000380   Data   RW          472    .data               oled.o
    0x2000040d   COMPRESSED   0x00000003   PAD
    0x20000410   COMPRESSED   0x00000044   Data   RW          502    .data               control.o
    0x20000454   COMPRESSED   0x00000002   Data   RW          578    .data               motor.o
    0x20000456   COMPRESSED   0x00000004   Data   RW          633    .data               usart3.o
    0x2000045a   COMPRESSED   0x00000014   Data   RW         1065    .data               stm32f10x_rcc.o
    0x2000046e   COMPRESSED   0x00000002   PAD
    0x20000470        -       0x00000040   Zero   RW          322    .bss                usart.o
    0x200004b0        -       0x00000010   Zero   RW          438    .bss                inv_mpu_dmp_motion_driver.o
    0x200004c0        -       0x00000060   Zero   RW         1486    .bss                c_w.l(libspace.o)
    0x20000520        -       0x00000200   Zero   RW          671    HEAP                startup_stm32f10x_md.o
    0x20000720        -       0x00000400   Zero   RW          670    STACK               startup_stm32f10x_md.o


==============================================================================

Image component sizes


      Code (inc. data)   RO Data    RW Data    ZI Data      Debug   Object Name

      1068        180          0         68          0       2747   control.o
       212         18          0          4          0     207259   delay.o
       416         14          0          0          0       1621   encoder.o
        80          6          0          0          0        668   exti.o
      8840        198        157         53          0      24377   inv_mpu.o
      3440        126       3062          0         16      15807   inv_mpu_dmp_motion_driver.o
       684         74          0         56          0     254535   main.o
       220         22          0          0          0       2045   misc.o
       320         34          0          2          0       1901   motor.o
       872         18          0          0          0       4631   mpu6050.o
       580         14          0          0          0       2182   mpuiic.o
      3092         34       2072        896          0      10803   oled.o
       172         10          0          0          0        856   pwm.o
        64         26        236          0       1536        880   startup_stm32f10x_md.o
       284         10          0          0          0       2503   stm32f10x_exti.o
       860         38          0          0          0       5977   stm32f10x_gpio.o
        26          0          0          0          0       1310   stm32f10x_it.o
       932         36          0         20          0       9280   stm32f10x_rcc.o
      3610         88          0          0          0      23088   stm32f10x_tim.o
      1032         22          0          0          0       8704   stm32f10x_usart.o
        96          0          0          0          0        646   sys.o
       480         38          0         20          0       2103   system_stm32f10x.o
       292         16          0          5         64       3467   usart.o
       392         26          0          4          0       1978   usart3.o

    ----------------------------------------------------------------------
     28068       1048       5562       1136       1616     589368   Object Totals
         0          0         32          0          0          0   (incl. Generated)
         4          0          3          8          0          0   (incl. Padding)

    ----------------------------------------------------------------------

      Code (inc. data)   RO Data    RW Data    ZI Data      Debug   Library Member Name

        90          0          0          0          0          0   __dczerorl2.o
         8          0          0          0          0         68   __main.o
       312          4         17          0          0         92   __printf_flags_wp.o
        14          0          0          0          0         68   __printf_wp.o
         0          0          0          0          0          0   __rtentry.o
        12          0          0          0          0          0   __rtentry2.o
         6          0          0          0          0          0   __rtentry4.o
        52          8          0          0          0          0   __scatter.o
        28          0          0          0          0          0   __scatter_zi.o
        48          6          0          0          0         96   _printf_char_common.o
        36          4          0          0          0         80   _printf_char_file.o
         6          0          0          0          0          0   _printf_d.o
       120         16          0          0          0         92   _printf_dec.o
        88          4         40          0          0         88   _printf_hex_int.o
       178          0          0          0          0         88   _printf_intcommon.o
        78          0          0          0          0        108   _printf_pad.o
         0          0          0          0          0          0   _printf_percent.o
         4          0          0          0          0          0   _printf_percent_end.o
         6          0          0          0          0          0   _printf_x.o
        22          0          0          0          0        100   _rserrno.o
        16          0          0          0          0         68   aeabi_memset.o
        18          0          0          0          0         80   exit.o
         8          0          0          0          0         68   ferror.o
         6          0          0          0          0        152   heapauxi.o
         2          0          0          0          0          0   libinit.o
         2          0          0          0          0          0   libinit2.o
         2          0          0          0          0          0   libshutdown.o
         2          0          0          0          0          0   libshutdown2.o
         8          4          0          0         96         68   libspace.o
        72          0          0          0          0         76   llsdiv.o
       238          0          0          0          0        100   lludivv7m.o
        88          0          0          0          0         76   memcmp.o
        24          4          0          0          0         84   noretval__2printf.o
         8          4          0          0          0         68   rt_errno_addr_intlibspace.o
        68          0          0          0          0         68   rt_memclr.o
        78          0          0          0          0         80   rt_memclr_w.o
         2          0          0          0          0          0   rtexit.o
        10          0          0          0          0          0   rtexit2.o
        62          0          0          0          0         76   strlen.o
        74          0          0          0          0         80   sys_stackheap_outer.o
         2          0          0          0          0         68   use_no_semi.o
         2          0          0          0          0         68   use_no_semi_2.o
        98          4          0          0          0         92   d2f.o
       826         16          0          0          0        348   daddsub_clz.o
        16          4          0          0          0         68   dcheck1.o
        24          0          0          0          0         68   dcmpi.o
       688        140          0          0          0        208   ddiv.o
        94          4          0          0          0         92   dfix.o
        90          4          0          0          0         92   dfixu.o
        84          0          0          0          0        136   dflt_clz.o
       120          4          0          0          0         92   dleqf.o
       340         12          0          0          0        104   dmul.o
       156          4          0          0          0         92   dnaninf.o
        12          0          0          0          0         68   dretinf.o
       460         56          0          0          0        120   dsqrt_noumaal.o
        86          4          0          0          0         84   f2d.o
       450          8          0          0          0        236   faddsub_clz.o
        24          0          0          0          0         68   fcmpi.o
       388         76          0          0          0         96   fdiv.o
       104          4          0          0          0         84   feqf.o
        54          4          0          0          0         84   ffix.o
        62          4          0          0          0         84   ffixu.o
        86          0          0          0          0        136   fflt_clz.o
       104          4          0          0          0         84   fleqf.o
       258          4          0          0          0         84   fmul.o
       140          4          0          0          0         84   fnaninf.o
        10          0          0          0          0         68   fretinf.o
        98          0          0          0          0         68   frleqf.o
       100          0          0          0          0         68   retnan.o
        92          0          0          0          0         68   scalbn.o
        48          0          0          0          0         68   trapv.o
         0          0          0          0          0          0   usenofp.o
       624         52         80          0          0        168   asin.o
       544         70        152          0          0        124   atan.o
       384         38          0          0          0        144   atan2.o
        38          6          0          0          0        272   dunder.o
        40          0          0          0          0         68   fpclassify.o
       170          0          0          0          0         96   poly.o
         0          0          8          0          0          0   qnan.o
        76          0          0          0          0         84   sqrt.o

    ----------------------------------------------------------------------
      8920        580        298          0         96       6160   Library Totals
        32          0          1          0          0          0   (incl. Padding)

    ----------------------------------------------------------------------

      Code (inc. data)   RO Data    RW Data    ZI Data      Debug   Library Name

      1900         54         57          0         96       2160   c_w.l
      5112        360          0          0          0       3044   fz_ws.l
      1876        166        240          0          0        956   m_ws.l

    ----------------------------------------------------------------------
      8920        580        298          0         96       6160   Library Totals

    ----------------------------------------------------------------------

==============================================================================


      Code (inc. data)   RO Data    RW Data    ZI Data      Debug   

     36988       1628       5860       1136       1712     590116   Grand Totals
     36988       1628       5860        444       1712     590116   ELF Image Totals (compressed)
     36988       1628       5860        444          0          0   ROM Totals

==============================================================================

    Total RO  Size (Code + RO Data)                42848 (  41.84kB)
    Total RW  Size (RW Data + ZI Data)              2848 (   2.78kB)
    Total ROM Size (Code + RO Data + RW Data)      43292 (  42.28kB)

==============================================================================

